GitHub changed the way Markdown headings are parsed, so this change fixes it.

See [bryant1410/readmesfix](https://github.com/bryant1410/readmesfix) for more information.

Tackles bryant1410/readmesfix#1

upstart/systemd支持自动拉起down掉的进程,对于大部分部署kcp-server的人来说,是个十分不错的功能啊.
附上我在用的upstart配置文件,随意起个名字,放到/etc/init/目录就可以了,如果系统使用的是upstart的话:
[kcptun-server.conf.txt](https://github.com/clangcn/kcp-server/files/785096/kcptun-server.conf.txt)
github不支持.conf后缀的文件.使用时,需要移除.txt后缀. i.e.
/etc/init/kcptun-server.conf

systemd不熟.

rt.
linux下,惯例的日志目录是/var/log/xxx.log
把日志跟应用程序放一块儿总感觉怪怪的
我看https://github.com/xtaci/kcptun/releases 已经更新到20161207
能不能编译个mips32le版本 自己编译了个一连接就奔溃，真是没办法了。
服务器重启后kcptun启动失败，尝试start服务，socks5总是启动失败
+--------------------------------------------------+
|     Manager for kcp-server, Written by Clang     |
+--------------------------------------------------+
|    Intro: http://koolshare.cn/forum-72-1.html    |
+--------------------------------------------------+

Usage: /etc/init.d/kcp-server {start|stop|restart|status|config|version}
[root@alwayswdc ~]# /etc/init.d/kcp-server status
kcp-server is stopped
socks5 is stopped
[root@alwayswdc ~]# /etc/init.d/kcp-server start

+--------------------------------------------------+
|     Manager for kcp-server, Written by Clang     |
+--------------------------------------------------+
|    Intro: http://koolshare.cn/forum-72-1.html    |
+--------------------------------------------------+

Starting socks5...start failed
[root@alwayswdc ~]# ./install-kcp-server.sh update

+---------------------------------------------------------+
|        kcptun for Linux Server, Written by Clang        |
+---------------------------------------------------------+
| A tool to auto-compile & install kcptun-server on Linux |
+---------------------------------------------------------+
|        Intro: http://koolshare.cn/forum-72-1.html       |
+---------------------------------------------------------+

============== Update kcp-server ==============
Loading network version for kcptun, please wait...
Kcptun Latest release file kcptun-linux-amd64-20161202.tar.gz

+--------------------------------------------------+
|     Manager for kcp-server, Written by Clang     |
+--------------------------------------------------+
|    Intro: http://koolshare.cn/forum-72-1.html    |
+--------------------------------------------------+

kcp-server is not running.
socks5 is not running.


+--------------------------------------------------+
|     Manager for kcp-server, Written by Clang     |
+--------------------------------------------------+
|    Intro: http://koolshare.cn/forum-72-1.html    |
+--------------------------------------------------+

Starting socks5...start failed
kcptun version 20161202
kcp-server update success!

[root@alwayswdc ~]# ^C
[root@alwayswdc ~]# /etc/init.d/kcp-server start

+--------------------------------------------------+
|     Manager for kcp-server, Written by Clang     |
+--------------------------------------------------+
|    Intro: http://koolshare.cn/forum-72-1.html    |
+--------------------------------------------------+

Starting socks5...start failed
[root@alwayswdc ~]# /etc/init.d/kcp-server start

+--------------------------------------------------+
|     Manager for kcp-server, Written by Clang     |
+--------------------------------------------------+
|    Intro: http://koolshare.cn/forum-72-1.html    |
+--------------------------------------------------+

Starting socks5...start failed
[root@alwayswdc ~]# /etc/init.d/kcp-server start

+--------------------------------------------------+
|     Manager for kcp-server, Written by Clang     |
+--------------------------------------------------+
|    Intro: http://koolshare.cn/forum-72-1.html    |
+--------------------------------------------------+

Starting socks5...start failed
[root@alwayswdc ~]# /etc/init.d/kcp-server start

+--------------------------------------------------+
|     Manager for kcp-server, Written by Clang     |
+--------------------------------------------------+
|    Intro: http://koolshare.cn/forum-72-1.html    |
+--------------------------------------------------+

Starting socks5...start failed
[root@alwayswdc ~]# /etc/init.d/kcp-server start

+--------------------------------------------------+
|     Manager for kcp-server, Written by Clang     |
+--------------------------------------------------+
|    Intro: http://koolshare.cn/forum-72-1.html    |
+--------------------------------------------------+

Starting socks5...start failed
[root@alwayswdc ~]# /etc/init.d/kcp-server start

+--------------------------------------------------+
|     Manager for kcp-server, Written by Clang     |
+--------------------------------------------------+
|    Intro: http://koolshare.cn/forum-72-1.html    |
+--------------------------------------------------+

Starting socks5...start failed
[root@alwayswdc ~]# /etc/init.d/kcp-server start

Debian中不知道怎么的读取配置文件启动不了，把参数写在后面就可以？请问这是什么原因？

还是可不可以把自动更新也写进来，每次启动自动检查更新，
install dante-server from source work well.
Hi, sorry this is not an issue, but would it be possible for a mipsel build so that we can run the kcp-server (and client) directly on the router?

Thanks in advance

