1. Give the exact command or line of code you ran that caused the issue

`wflow_publish("myanalysis.Rmd",  delete_cache = TRUE)` when `myanalysis.Rmd` contains cached chunks.

2. Describe the result of running the command or code, including any warning or error messages.
The page gets rendered but a yellow warning box pops up with: `Warning: The above code chunk cached its results[...]` at the end of every cached chunk. Ideally, the warning would be supressed if the cache is deleted upon publishing.

3. Tell us about your computing environment, including the version of R, RStudio and workflowr you are using. The simplest way to do this is to run `sessionInfo()` in R (and `RStudio.Version()` if you are using RStudio) and copy the output here.

```
> RStudio.Version()
[...]
$mode
[1] "server"

$edition
[1] "Professional"

$version
[1] ‘1.2.1335.1’
```

```
> devtools::session_info()
─ Session info ──────────────────────────────────────────────────────────────────────────────────────────────
 setting  value                       
 version  R version 3.6.0 (2019-04-26)
 os       Ubuntu 18.04.3 LTS          
 system   x86_64, linux-gnu           
 ui       RStudio                     
 language (EN)                        
 collate  en_US.UTF-8                 
 ctype    en_US.UTF-8                 
 tz       America/New_York            
 date     2019-12-09                  

─ Packages ──────────────────────────────────────────────────────────────────────────────────────────────────
 package              * version    date       lib source                          
 acepack                1.4.1      2016-10-29 [1] CRAN (R 3.6.0)                  
 annotate               1.62.0     2019-05-02 [1] Bioconductor                    
 AnnotationDbi          1.46.1     2019-08-20 [1] Bioconductor                    
 assertthat             0.2.1      2019-03-21 [1] CRAN (R 3.6.0)                  
 backports              1.1.5      2019-10-02 [1] CRAN (R 3.6.0)                  
 base64enc              0.1-3      2015-07-28 [1] CRAN (R 3.6.0)                  
 BayesFactor          * 0.9.12-4.2 2018-05-19 [1] CRAN (R 3.6.0)                  
 Biobase              * 2.44.0     2019-05-02 [1] Bioconductor                    
 BiocGenerics         * 0.30.0     2019-05-02 [1] Bioconductor                    
 BiocParallel         * 1.18.0     2019-05-03 [2] Bioconductor                    
 bit                    1.1-14     2018-05-29 [1] CRAN (R 3.6.0)                  
 bit64                  0.9-7      2017-05-08 [1] CRAN (R 3.6.0)                  
 bitops                 1.0-6      2013-08-17 [1] CRAN (R 3.6.0)                  
 blob                   1.1.1      2018-03-25 [2] CRAN (R 3.6.0)                  
 broom                  0.5.2      2019-04-07 [2] CRAN (R 3.6.0)                  
 callr                  3.3.2      2019-09-22 [1] CRAN (R 3.6.0)                  
 cellranger             1.1.0      2016-07-27 [2] CRAN (R 3.6.0)                  
 checkmate              1.9.4      2019-07-04 [1] CRAN (R 3.6.0)                  
 circlize             * 0.4.8      2019-09-08 [1] CRAN (R 3.6.0)                  
 cli                    1.1.0      2019-03-19 [1] CRAN (R 3.6.0)                  
 clue                   0.3-57     2019-02-25 [1] CRAN (R 3.6.0)                  
 cluster                2.1.0      2019-06-19 [1] CRAN (R 3.6.0)                  
 coda                 * 0.19-3     2019-07-05 [1] CRAN (R 3.6.0)                  
 colorspace             1.4-2      2019-10-04 [1] R-Forge (R 3.6.0)               
 ComplexHeatmap       * 2.0.0      2019-05-02 [1] Bioconductor                    
 crayon                 1.3.4      2017-09-16 [1] CRAN (R 3.6.0)                  
 data.table           * 1.12.4     2019-10-03 [1] CRAN (R 3.6.0)                  
 DBI                    1.0.0      2018-05-02 [1] CRAN (R 3.6.0)                  
 DelayedArray         * 0.10.0     2019-05-02 [2] Bioconductor                    
 desc                   1.2.0      2018-05-01 [1] CRAN (R 3.6.0)                  
 DESeq2               * 1.24.0     2019-05-02 [1] Bioconductor                    
 devtools               2.2.1      2019-09-24 [2] CRAN (R 3.6.0)                  
 digest                 0.6.21     2019-09-20 [1] CRAN (R 3.6.0)                  
 dplyr                * 0.8.3      2019-07-04 [2] CRAN (R 3.6.0)                  
 DT                   * 0.6        2019-05-09 [2] CRAN (R 3.6.0)                  
 edgeR                * 3.26.4     2019-05-27 [2] Bioconductor                    
 ellipsis               0.3.0      2019-09-20 [1] CRAN (R 3.6.0)                  
 evaluate               0.14       2019-05-28 [1] CRAN (R 3.6.0)                  
 fansi                  0.4.0      2018-10-05 [1] CRAN (R 3.6.0)                  
 fastmatch              1.1-0      2017-01-28 [1] CRAN (R 3.6.0)                  
 fgsea                * 1.10.1     2019-08-21 [1] Bioconductor                    
 forcats              * 0.4.0      2019-02-17 [2] CRAN (R 3.6.0)                  
 foreign                0.8-72     2019-08-02 [1] CRAN (R 3.6.0)                  
 Formula                1.2-3      2018-05-03 [1] CRAN (R 3.6.0)                  
 fs                     1.3.1      2019-05-06 [1] CRAN (R 3.6.0)                  
 genefilter             1.66.0     2019-05-02 [2] Bioconductor                    
 geneplotter            1.62.0     2019-05-02 [2] Bioconductor                    
 generics               0.0.2      2018-11-29 [1] CRAN (R 3.6.0)                  
 GenomeInfoDb         * 1.20.0     2019-05-02 [2] Bioconductor                    
 GenomeInfoDbData       1.2.1      2019-10-12 [1] Bioconductor                    
 GenomicRanges        * 1.36.0     2019-05-02 [2] Bioconductor                    
 GetoptLong             0.1.7      2018-06-10 [1] CRAN (R 3.6.0)                  
 ggplot2              * 3.2.1      2019-08-10 [2] CRAN (R 3.6.0)                  
 ggpubr               * 0.2.3      2019-09-03 [1] CRAN (R 3.6.0)                  
 ggsignif               0.6.0      2019-08-08 [1] CRAN (R 3.6.0)                  
 git2r                  0.26.1     2019-06-29 [1] CRAN (R 3.6.0)                  
 GlobalOptions          0.1.1      2019-09-30 [1] CRAN (R 3.6.0)                  
 glue                   1.3.1      2019-03-12 [1] CRAN (R 3.6.0)                  
 gridExtra            * 2.3        2017-09-09 [1] CRAN (R 3.6.0)                  
 gtable                 0.3.0      2019-03-25 [1] CRAN (R 3.6.0)                  
 gtools                 3.8.1      2018-06-26 [1] CRAN (R 3.6.0)                  
 haven                  2.1.0      2019-02-19 [2] CRAN (R 3.6.0)                  
 here                 * 0.1        2017-05-28 [1] CRAN (R 3.6.0)                  
 highr                  0.8        2019-03-20 [1] CRAN (R 3.6.0)                  
 Hmisc                  4.2-0      2019-01-26 [2] CRAN (R 3.6.0)                  
 hms                    0.4.2      2018-03-10 [2] CRAN (R 3.6.0)                  
 htmlTable              1.13.1     2019-01-07 [2] CRAN (R 3.6.0)                  
 htmltools              0.4.0      2019-10-04 [1] CRAN (R 3.6.0)                  
 htmlwidgets            1.5.1      2019-10-08 [2] CRAN (R 3.6.0)                  
 httr                   1.4.1      2019-08-05 [2] CRAN (R 3.6.0)                  
 IRanges              * 2.18.1     2019-05-31 [2] Bioconductor                    
 jpeg                 * 0.1-8      2014-01-23 [1] CRAN (R 3.6.0)                  
 jsonlite               1.6        2018-12-07 [1] CRAN (R 3.6.0)                  
 knitr                  1.24       2019-08-08 [2] CRAN (R 3.6.0)                  
 labeling               0.3        2014-08-23 [1] CRAN (R 3.6.0)                  
 lattice                0.20-38    2018-11-04 [1] CRAN (R 3.6.0)                  
 latticeExtra           0.6-28     2016-02-09 [1] CRAN (R 3.6.0)                  
 lazyeval               0.2.2      2019-03-15 [1] CRAN (R 3.6.0)                  
 lifecycle              0.1.0      2019-08-01 [1] CRAN (R 3.6.0)                  
 limma                * 3.40.6     2019-07-26 [1] Bioconductor                    
 locfit                 1.5-9.1    2013-04-20 [1] CRAN (R 3.6.0)                  
 lubridate              1.7.4      2018-04-11 [2] CRAN (R 3.6.0)                  
 magrittr             * 1.5        2014-11-22 [1] CRAN (R 3.6.0)                  
 Matrix               * 1.2-17     2019-03-22 [1] CRAN (R 3.6.0)                  
 MatrixModels           0.4-1      2015-08-22 [2] CRAN (R 3.6.0)                  
 matrixStats          * 0.55.0     2019-09-07 [1] CRAN (R 3.6.0)                  
 memoise                1.1.0      2017-04-21 [1] CRAN (R 3.6.0)                  
 modelr                 0.1.4      2019-02-18 [2] CRAN (R 3.6.0)                  
 munsell                0.5.0      2018-06-12 [1] CRAN (R 3.6.0)                  
 mvtnorm                1.0-11     2019-06-19 [1] CRAN (R 3.6.0)                  
 nlme                   3.1-141    2019-08-01 [1] CRAN (R 3.6.0)                  
 nnet                   7.3-12     2016-02-02 [1] CRAN (R 3.6.0)                  
 packrat                0.5.0      2018-11-14 [1] CRAN (R 3.6.0)                  
 pbapply                1.4-2      2019-08-31 [1] CRAN (R 3.6.0)                  
 pheatmap             * 1.0.12     2019-01-04 [2] CRAN (R 3.6.0)                  
 pillar                 1.4.2      2019-06-29 [2] CRAN (R 3.6.0)                  
 pkgbuild               1.0.3      2019-03-20 [2] CRAN (R 3.6.0)                  
 pkgconfig              2.0.3      2019-09-22 [1] CRAN (R 3.6.0)                  
 pkgload                1.0.2      2018-10-29 [2] CRAN (R 3.6.0)                  
 plyr                   1.8.4      2016-06-08 [1] CRAN (R 3.6.0)                  
 png                    0.1-7      2013-12-03 [1] CRAN (R 3.6.0)                  
 prettyunits            1.0.2      2015-07-13 [1] CRAN (R 3.6.0)                  
 processx               3.4.1      2019-07-18 [1] CRAN (R 3.6.0)                  
 ps                     1.3.0      2018-12-21 [1] CRAN (R 3.6.0)                  
 purrr                * 0.3.2      2019-03-15 [1] CRAN (R 3.6.0)                  
 R6                     2.4.0      2019-02-14 [1] CRAN (R 3.6.0)                  
 RColorBrewer         * 1.1-2      2014-12-07 [1] CRAN (R 3.6.0)                  
 Rcpp                 * 1.0.2      2019-07-25 [1] CRAN (R 3.6.0)                  
 RCurl                  1.95-4.12  2019-03-04 [1] CRAN (R 3.6.0)                  
 readr                * 1.3.1      2018-12-21 [2] CRAN (R 3.6.0)                  
 readxl                 1.3.1      2019-03-13 [2] CRAN (R 3.6.0)                  
 remotes                2.1.0      2019-06-24 [1] CRAN (R 3.6.0)                  
 rjson                  0.2.20     2018-06-08 [1] CRAN (R 3.6.0)                  
 rlang                  0.4.0      2019-06-25 [1] CRAN (R 3.6.0)                  
 rmarkdown              1.13       2019-05-22 [2] CRAN (R 3.6.0)                  
 rpart                  4.1-15     2019-04-12 [1] CRAN (R 3.6.0)                  
 rprojroot              1.3-2      2018-01-03 [1] CRAN (R 3.6.0)                  
 RSQLite                2.1.1      2018-05-06 [2] CRAN (R 3.6.0)                  
 rstudioapi             0.10       2019-03-19 [1] CRAN (R 3.6.0)                  
 rvest                  0.3.4      2019-05-15 [2] CRAN (R 3.6.0)                  
 S4Vectors            * 0.22.1     2019-09-09 [1] Bioconductor                    
 scales               * 1.0.0      2018-08-09 [2] CRAN (R 3.6.0)                  
 sessioninfo            1.1.1      2018-11-05 [2] CRAN (R 3.6.0)                  
 shape                  1.4.4      2018-02-07 [1] CRAN (R 3.6.0)                  
 stringi                1.4.3      2019-03-12 [1] CRAN (R 3.6.0)                  
 stringr              * 1.4.0      2019-02-10 [1] CRAN (R 3.6.0)                  
 SummarizedExperiment * 1.14.1     2019-07-31 [2] Bioconductor                    
 survival               2.44-1.1   2019-04-01 [2] CRAN (R 3.6.0)                  
 table1               * 1.1        2018-07-19 [1] CRAN (R 3.6.0)                  
 testthat               2.1.1      2019-04-23 [2] CRAN (R 3.6.0)                  
 tibble               * 2.1.3      2019-06-06 [2] CRAN (R 3.6.0)                  
 tidyr                * 1.0.0      2019-09-11 [2] CRAN (R 3.6.0)                  
 tidyselect             0.2.5      2018-10-11 [2] CRAN (R 3.6.0)                  
 tidyverse            * 1.2.1      2017-11-14 [2] CRAN (R 3.6.0)                  
 UpSetR               * 1.4.0      2019-12-06 [1] Github (hms-dbmi/UpSetR@572be88)
 usethis                1.5.0      2019-04-07 [2] CRAN (R 3.6.0)                  
 utf8                   1.1.4      2018-05-24 [1] CRAN (R 3.6.0)                  
 vctrs                  0.2.0      2019-07-05 [2] CRAN (R 3.6.0)                  
 wesanderson          * 0.3.6      2018-04-20 [1] CRAN (R 3.6.0)                  
 withr                  2.1.2      2018-03-15 [1] CRAN (R 3.6.0)                  
 workflowr            * 1.4.0      2019-06-08 [1] CRAN (R 3.6.0)                  
 writexl              * 1.1        2018-12-02 [1] CRAN (R 3.6.0)                  
 xfun                   0.10       2019-10-01 [1] CRAN (R 3.6.0)                  
 XML                    3.98-1.20  2019-06-06 [1] CRAN (R 3.6.0)                  
 xml2                   1.2.2      2019-08-09 [1] CRAN (R 3.6.0)                  
 xtable                 1.8-4      2019-04-21 [1] CRAN (R 3.6.0)                  
 XVector                0.24.0     2019-05-02 [2] Bioconductor                    
 yaml                   2.2.0      2018-07-25 [1] CRAN (R 3.6.0)                  
 yarrr                * 0.1.5      2017-04-19 [1] CRAN (R 3.6.0)                  
 zeallot                0.1.0      2018-01-28 [1] CRAN (R 3.6.0)                  
 zlibbioc               1.30.0     2019-05-02 [1] Bioconductor                    

[1] /home/ania.tassinari/R/x86_64-pc-linux-gnu-library/3.6
[2] /data/sw/R/3.6.0/lib/R/library
```
I've been trying to get workflowr working with a Python analysis and I'm running into an issue with chunks that create figures. The `fig.path` doesn't seem to be working properly and Python figures end up in `figure/DOCNAME/` instead of `docs/figure/DOCNAME` (and therefore don't show up on the website).  Not sure if it a problem with where they are created or they aren't being moved to the correct directory?

This test document should reproduce the issue, assuming you don't have any reticulate issues (need to rename to .Rmd).

[TEST.txt](https://github.com/jdblischak/workflowr/files/3887255/TEST.txt)

Potentially this is a niche problem but thought I would raise it and see if there is an easy fix.
Pushing with SSH doesn't work:

```
> wflow_git_push()
Error: Push failed for unknown reason.

The error message from git2r::push() was:

Error in 'git2r_push': error authenticating:

These sorts of errors are difficult to troubleshoot. If you have Git installed on
your machine, the easiest solution is to instead run `git push` in the Terminal.
This is equivalent to wflow_git_push().
```
Some diagnostics:
```
> library(git2r)
> libgit2_features()
$threads
[1] TRUE

$https
[1] TRUE

$ssh
[1] TRUE

> ssh_path()
[1] "/Users/ania.tassinari/.ssh/"
> file.exists(ssh_path("id_rsa.pub"))
[1] TRUE
```

**Environment**:
```
> devtools::session_info()
─ Session info ────────────────────────────────────────────────────────────────────────────
 setting  value                       
 version  R version 3.6.1 (2019-07-05)
 os       macOS Mojave 10.14.5        
 system   x86_64, darwin15.6.0        
 ui       RStudio                     
 language (EN)                        
 collate  en_US.UTF-8                 
 ctype    en_US.UTF-8                 
 tz       America/New_York            
 date     2019-08-08                  

─ Packages ────────────────────────────────────────────────────────────────────────────────
 package     * version date       lib source        
 assertthat    0.2.1   2019-03-21 [1] CRAN (R 3.6.0)
 backports     1.1.4   2019-04-10 [1] CRAN (R 3.6.0)
 callr         3.3.1   2019-07-18 [1] CRAN (R 3.6.0)
 cli           1.1.0   2019-03-19 [1] CRAN (R 3.6.0)
 crayon        1.3.4   2017-09-16 [1] CRAN (R 3.6.0)
 desc          1.2.0   2018-05-01 [1] CRAN (R 3.6.0)
 devtools      2.1.0   2019-07-06 [1] CRAN (R 3.6.0)
 digest        0.6.20  2019-07-04 [1] CRAN (R 3.6.0)
 evaluate      0.14    2019-05-28 [1] CRAN (R 3.6.0)
 fs            1.3.1   2019-05-06 [1] CRAN (R 3.6.0)
 git2r       * 0.26.1  2019-06-29 [1] CRAN (R 3.6.1)
 glue          1.3.1   2019-03-12 [1] CRAN (R 3.6.0)
 htmltools     0.3.6   2017-04-28 [1] CRAN (R 3.6.0)
 knitr         1.23    2019-05-18 [1] CRAN (R 3.6.0)
 magrittr      1.5     2014-11-22 [1] CRAN (R 3.6.0)
 memoise       1.1.0   2017-04-21 [1] CRAN (R 3.6.0)
 pkgbuild      1.0.3   2019-03-20 [1] CRAN (R 3.6.0)
 pkgload       1.0.2   2018-10-29 [1] CRAN (R 3.6.0)
 prettyunits   1.0.2   2015-07-13 [1] CRAN (R 3.6.0)
 processx      3.4.1   2019-07-18 [1] CRAN (R 3.6.0)
 ps            1.3.0   2018-12-21 [1] CRAN (R 3.6.0)
 R6            2.4.0   2019-02-14 [1] CRAN (R 3.6.0)
 Rcpp          1.0.2   2019-07-25 [1] CRAN (R 3.6.0)
 remotes       2.1.0   2019-06-24 [1] CRAN (R 3.6.0)
 rlang         0.4.0   2019-06-25 [1] CRAN (R 3.6.0)
 rmarkdown     1.14    2019-07-12 [1] CRAN (R 3.6.0)
 rprojroot     1.3-2   2018-01-03 [1] CRAN (R 3.6.0)
 rstudioapi    0.10    2019-03-19 [1] CRAN (R 3.6.0)
 sessioninfo   1.1.1   2018-11-05 [1] CRAN (R 3.6.0)
 stringi       1.4.3   2019-03-12 [1] CRAN (R 3.6.0)
 stringr       1.4.0   2019-02-10 [1] CRAN (R 3.6.0)
 testthat      2.2.1   2019-07-25 [1] CRAN (R 3.6.0)
 usethis       1.5.1   2019-07-04 [1] CRAN (R 3.6.0)
 withr         2.1.2   2018-03-15 [1] CRAN (R 3.6.0)
 workflowr   * 1.4.0   2019-06-08 [1] CRAN (R 3.6.0)
 xfun          0.8     2019-06-25 [1] CRAN (R 3.6.0)
 yaml          2.2.0   2018-07-25 [1] CRAN (R 3.6.0)

[1] /Library/Frameworks/R.framework/Versions/3.6/Resources/library
> RStudio.Version()$version
[1] ‘1.2.1335’
```
I'm publishing into a custom installation of GitLab. 

After `wflow_publish()` and `git push` from the terminal (I use SSH and currently `git2r` can't locate my public key :/, but that's a different issue), all links work and lead to files on gitlab (`Source Code` button and **Checks / Repository version** link work perfectly), BUT the **Past versions** sections only has one link to an `Rmd` (the initial commit), and the rest is all links to `HTML` commits. The commits of the `*Rmd`  are not listed at all.

According to the [Custom GitLab setup section of the vignette](https://jdblischak.github.io/workflowr/articles/wflow-06-gitlab.html):

> If GitLab Pages is enabled, the links to past versions of the R Markdown files should work correctly (open an Issue if you are having problems).  However, there is currently no way to conveniently view the past versions of the HTML files.


Seems like I'm having the opposite problem, although our GitLab Pages are not enabled yet, so it might be a completely unrelated issue.

My environment:

```
> devtools::session_info()
─ Session info ────────────────────────────────────────────────────────────────────────────
 setting  value                       
 version  R version 3.6.1 (2019-07-05)
 os       macOS Mojave 10.14.5        
 system   x86_64, darwin15.6.0        
 ui       RStudio                     
 language (EN)                        
 collate  en_US.UTF-8                 
 ctype    en_US.UTF-8                 
 tz       America/New_York            
 date     2019-08-07                  

─ Packages ────────────────────────────────────────────────────────────────────────────────
 package     * version date       lib source        
 assertthat    0.2.1   2019-03-21 [1] CRAN (R 3.6.0)
 backports     1.1.4   2019-04-10 [1] CRAN (R 3.6.0)
 callr         3.3.1   2019-07-18 [1] CRAN (R 3.6.0)
 cli           1.1.0   2019-03-19 [1] CRAN (R 3.6.0)
 crayon        1.3.4   2017-09-16 [1] CRAN (R 3.6.0)
 desc          1.2.0   2018-05-01 [1] CRAN (R 3.6.0)
 devtools      2.1.0   2019-07-06 [1] CRAN (R 3.6.0)
 digest        0.6.20  2019-07-04 [1] CRAN (R 3.6.0)
 evaluate      0.14    2019-05-28 [1] CRAN (R 3.6.0)
 fs            1.3.1   2019-05-06 [1] CRAN (R 3.6.0)
 git2r       * 0.26.1  2019-06-29 [1] CRAN (R 3.6.1)
 glue          1.3.1   2019-03-12 [1] CRAN (R 3.6.0)
 htmltools     0.3.6   2017-04-28 [1] CRAN (R 3.6.0)
 knitr         1.23    2019-05-18 [1] CRAN (R 3.6.0)
 magrittr      1.5     2014-11-22 [1] CRAN (R 3.6.0)
 memoise       1.1.0   2017-04-21 [1] CRAN (R 3.6.0)
 pkgbuild      1.0.3   2019-03-20 [1] CRAN (R 3.6.0)
 pkgload       1.0.2   2018-10-29 [1] CRAN (R 3.6.0)
 prettyunits   1.0.2   2015-07-13 [1] CRAN (R 3.6.0)
 processx      3.4.1   2019-07-18 [1] CRAN (R 3.6.0)
 ps            1.3.0   2018-12-21 [1] CRAN (R 3.6.0)
 R6            2.4.0   2019-02-14 [1] CRAN (R 3.6.0)
 Rcpp          1.0.2   2019-07-25 [1] CRAN (R 3.6.0)
 remotes       2.1.0   2019-06-24 [1] CRAN (R 3.6.0)
 rlang         0.4.0   2019-06-25 [1] CRAN (R 3.6.0)
 rmarkdown     1.14    2019-07-12 [1] CRAN (R 3.6.0)
 rprojroot     1.3-2   2018-01-03 [1] CRAN (R 3.6.0)
 rstudioapi    0.10    2019-03-19 [1] CRAN (R 3.6.0)
 sessioninfo   1.1.1   2018-11-05 [1] CRAN (R 3.6.0)
 stringi       1.4.3   2019-03-12 [1] CRAN (R 3.6.0)
 stringr       1.4.0   2019-02-10 [1] CRAN (R 3.6.0)
 testthat      2.2.1   2019-07-25 [1] CRAN (R 3.6.0)
 usethis       1.5.1   2019-07-04 [1] CRAN (R 3.6.0)
 withr         2.1.2   2018-03-15 [1] CRAN (R 3.6.0)
 workflowr   * 1.4.0   2019-06-08 [1] CRAN (R 3.6.0)
 xfun          0.8     2019-06-25 [1] CRAN (R 3.6.0)
 yaml          2.2.0   2018-07-25 [1] CRAN (R 3.6.0)

[1] /Library/Frameworks/R.framework/Versions/3.6/Resources/library
```

```
> RStudio.Version()$version
[1] ‘1.2.1335’
```

See #80.

When building targets in parallel with _drake_ and using `wflow_publish` as the _workflowr_ command, I often see targets failing with the following error

```
$error
<simpleError: The Git repository is locked. This can happen if a Git command
previously crashed or if multiple Git commands were executed at the
same time. To fix this, you need to delete the file .git/index.lock.
You can do this by running the following in the R console:

file.remove("/home/patrick/papers/2019-feature-selection/.git/index.lock")>
```

However, when this happens I usually only build one target with _workflowr_ and not multiple ones in parallel. 
When building only this one target sequentially with _drake_, everything is fine.
I am not sure if _drake_ maybe locks something there or some other issues are introduced by parallelization in general (I think this is hard to track down).
Would it be possible to add a flag to `wflow_publish()` which does not lock the Git repo?
[binder](https://binderhub.readthedocs.io/en/latest/) is an amazing tool for reproducible research. It would be great if we could make it easier for workflowr users to integrate binder into their research projects.

An idea for a function, e.g. `wflow_use_binder()`, would perform the following steps:

1. Search all the published R Markdown files for `library()` calls (and related pkg usage, e.g. `pkg::`)
1. Create and commit a [configuration file](https://repo2docker.readthedocs.io/en/latest/config_files.html) that is supported by [repo2docker](https://repo2docker.readthedocs.io).
1. Add a binder link to `README.md` and to the website (either `index.Rmd` or the navbar in `_site.yml`)

The first step is the weakest. I could imagine improving it in multiple ways. One would be to have each Rmd file automatically write its dependencies after running `sessionInfo()`. Alternatively, wait for the package manager functionality (#128) to be integrated before making this any more complicated.

I'm open to ideas and suggestions.

cc: @seabbs @sdhutchins 

xref: [Tweet](https://twitter.com/seabbs/status/1139518437917696003)
1. Describe the suggested feature.
It would be nice to be able to specify the order in which the `analysis/*.Rmd` files are build with `wflow_build()`. Maybe some sort of a dependency requirement added to the front matter in each `.Rmd`?

2. Describe why you think this feature is needed.
Sometimes an output from one `.Rmd` becomes an input into another. I follow the `Import > Tidy > Transform > Model > Visualize` schema and if I update my `transform.Rmd`, the new output won't be fed into `model.Rmd`, because `model.Rmd` gets built first since the files are built in alphabetical order. Adding double digit prefixes to the files is a working solution, but it would be nice to define the dependencies more "organically". This would be particularly helpful when adding a step in the middle of the workflow - renaming all the downstream files wouldn't be necessary.

3. Tell us the version of workflowr you are using. Run `packageVersion("workflowr")` in R or RStudio, and copy & paste the output here.
```
> packageVersion("workflowr")
[1] ‘1.3.0’
```

1. Give the exact command or line of code you ran that caused the issue, e.g., `wflow_publish(republish = TRUE)`.

2. Describe the result of running the command or code, including any warning or error messages.

The links to old versions / git commits are broken. Paths assume `https` protocol. I can manually edit the path to the whole repo in public/_site.yml, which then works. But there is nowhere to change the path for the individual commit links (I assume they get rendered by pasting `https://`, `$domain`, `$user.name`, `$repo.name`.

3. Tell us about your computing environment, including the version of R, RStudio and workflowr you are using. The simplest way to do this is to run `sessionInfo()` in R (and `RStudio.Version()` if you are using RStudio) and copy the output here.

I am using a custom install of GitLab at `http://mycompany.com`.

```
> devtools::session_info()
─ Session info ────────────────────────────────────────────────────────────────────────────────────────────────────────
 setting  value                       
 version  R version 3.4.2 (2017-09-28)
 os       Ubuntu precise (12.04.4 LTS)
 system   x86_64, linux-gnu           
 ui       RStudio                     
 language (EN)                        
 collate  en_US.UTF-8                 
 ctype    en_US.UTF-8                 
 tz       America/New_York            
 date     2019-05-03                  

─ Packages ────────────────────────────────────────────────────────────────────────────────────────────────────────────
 package                        * version    date       lib source        
 AG120.C.001.cholangio.20190116 * 0.0.0.9000 2019-05-03 [1] local         
 assertthat                       0.2.1      2019-03-21 [1] CRAN (R 3.4.2)
 backports                        1.1.4      2019-04-10 [1] CRAN (R 3.4.2)
 callr                            3.2.0      2019-03-15 [1] CRAN (R 3.4.2)
 cli                              1.1.0      2019-03-19 [1] CRAN (R 3.4.2)
 crayon                           1.3.4      2017-09-16 [1] CRAN (R 3.4.2)
 desc                             1.2.0      2018-05-01 [1] CRAN (R 3.4.2)
 devtools                         2.0.2      2019-04-08 [1] CRAN (R 3.4.2)
 digest                           0.6.18     2018-10-10 [1] CRAN (R 3.4.2)
 evaluate                         0.13       2019-02-12 [1] CRAN (R 3.4.2)
 fs                               1.3.0      2019-05-02 [1] CRAN (R 3.4.2)
 getPass                          0.2-2      2017-07-21 [1] CRAN (R 3.4.2)
 git2r                            0.25.2     2019-03-19 [1] CRAN (R 3.4.2)
 glue                             1.3.1      2019-03-12 [1] CRAN (R 3.4.2)
 htmltools                        0.3.6      2017-04-28 [1] CRAN (R 3.4.2)
 knitr                            1.22       2019-03-08 [1] CRAN (R 3.4.2)
 magrittr                         1.5        2014-11-22 [2] CRAN (R 3.4.2)
 memoise                          1.1.0      2017-04-21 [1] CRAN (R 3.4.2)
 pkgbuild                         1.0.3      2019-03-20 [1] CRAN (R 3.4.2)
 pkgload                          1.0.2      2018-10-29 [1] CRAN (R 3.4.2)
 prettyunits                      1.0.2      2015-07-13 [1] CRAN (R 3.4.2)
 processx                         3.3.0      2019-03-10 [1] CRAN (R 3.4.2)
 ps                               1.3.0      2018-12-21 [1] CRAN (R 3.4.2)
 R6                               2.4.0      2019-02-14 [1] CRAN (R 3.4.2)
 Rcpp                             1.0.0      2018-11-07 [1] CRAN (R 3.4.2)
 remotes                          2.0.4      2019-04-10 [1] CRAN (R 3.4.2)
 rlang                            0.3.1.9000 2019-03-05 [1] local         
 rmarkdown                        1.12       2019-03-14 [1] CRAN (R 3.4.2)
 rprojroot                        1.3-2      2018-01-03 [1] CRAN (R 3.4.2)
 rstudioapi                       0.10       2019-03-19 [1] CRAN (R 3.4.2)
 sessioninfo                      1.1.1      2018-11-05 [1] CRAN (R 3.4.2)
 stringi                          1.4.3      2019-03-12 [1] CRAN (R 3.4.2)
 stringr                          1.4.0      2019-02-10 [1] CRAN (R 3.4.2)
 testthat                       * 2.1.1      2019-04-23 [1] CRAN (R 3.4.2)
 usethis                        * 1.5.0      2019-04-07 [1] CRAN (R 3.4.2)
 withr                            2.1.2      2018-03-15 [1] CRAN (R 3.4.2)
 workflowr                      * 1.3.0      2019-04-15 [1] CRAN (R 3.4.2)
 xfun                             0.6        2019-04-02 [1] CRAN (R 3.4.2)
 yaml                             2.2.0      2018-07-25 [1] CRAN (R 3.4.2)

[1] /home/nfs/ania.tassinari/R/x86_64-pc-linux-gnu-library/3.4
[2] /data2/software/R/3.4.2/lib/R/library
```

```
> sessionInfo()
R version 3.4.2 (2017-09-28)
Platform: x86_64-pc-linux-gnu (64-bit)
Running under: Ubuntu precise (12.04.4 LTS)

Matrix products: default
BLAS: /data2/software/R/3.4.2/lib/R/lib/libRblas.so
LAPACK: /data2/software/R/3.4.2/lib/R/lib/libRlapack.so

locale:
 [1] LC_CTYPE=en_US.UTF-8       LC_NUMERIC=C               LC_TIME=en_US.UTF-8        LC_COLLATE=en_US.UTF-8    
 [5] LC_MONETARY=en_US.UTF-8    LC_MESSAGES=en_US.UTF-8    LC_PAPER=en_US.UTF-8       LC_NAME=C                 
 [9] LC_ADDRESS=C               LC_TELEPHONE=C             LC_MEASUREMENT=en_US.UTF-8 LC_IDENTIFICATION=C       

attached base packages:
[1] stats     graphics  grDevices utils     datasets  methods   base     

other attached packages:
[1] workflowr_1.3.0                           AG120.C.001.cholangio.20190116_0.0.0.9000
[3] testthat_2.1.1                            usethis_1.5.0                            

loaded via a namespace (and not attached):
 [1] Rcpp_1.0.0        compiler_3.4.2    git2r_0.25.2      prettyunits_1.0.2 remotes_2.0.4     tools_3.4.2      
 [7] getPass_0.2-2     digest_0.6.18     pkgbuild_1.0.3    pkgload_1.0.2     evaluate_0.13     memoise_1.1.0    
[13] rlang_0.3.1.9000  cli_1.1.0         rstudioapi_0.10   yaml_2.2.0        xfun_0.6          withr_2.1.2      
[19] stringr_1.4.0     knitr_1.22        desc_1.2.0        fs_1.3.0          devtools_2.0.2    rprojroot_1.3-2  
[25] glue_1.3.1        R6_2.4.0          processx_3.3.0    rmarkdown_1.12    sessioninfo_1.1.1 callr_3.2.0      
[31] magrittr_1.5      backports_1.1.4   ps_1.3.0          htmltools_0.3.6   assertthat_0.2.1  stringi_1.4.3    
[37] crayon_1.3.4    
```

> Before posting your issue, please search the existing issues (both "open" and "closed") to check that a similar feature has not already been requested.

I read some created issues

1. the issues https://github.com/jdblischak/workflowr/issues/103 and https://github.com/jdblischak/workflowr/issues/37#issuecomment-387744317
1. the discussion in the issue https://github.com/jdblischak/workflowr/issues/119
1. the tips under https://github.com/jdblischak/workflowr/commit/3f6f104d50a8d600efef799ad5ec5934b76bf988

The @jdblischak advice helps the users create `docs/assets` and see the external images in the HTML document by knitting the analysis document or the function  `wflow_build`.

But since the image document is under the  `docs/assets` , the users cannot preview this image under the analysis document. Also, the relative path of this image is not under `docs/assets` .
The users cannot use <kbd>tab</kbd> to quickly get the image path.

> 1. Describe the suggested feature.

Just use the absolute path? the image is stored in a public repo.

> 2. Describe why you think this feature is needed.

If the image is stored in a public path, the users just copy the absolute path and they can 

1. preview it in the analysis document
1. see it in the HTML document after knitted.

> 3. Tell us the version of workflowr you are using. Run `packageVersion("workflowr")` in R or RStudio, and copy & paste the output here.

```
> packageVersion("workflowr")
[1] ‘1.2.0’
```
I find a related issue, https://github.com/jdblischak/workflowr/issues/102, but I want to set the bibliography field as a default option for each analysis document. Thus, I put it in the `_site.yml` but it doesn't work.

1. only when I write `bibliography: add.bib` in a specific document, it works in this specific document.
1. I don't know too much about the `_site.yml` function, seemingly it works like an setting for all analysis document.

For the reproducible purpose, I create a workflowr project, https://github.com/JiaxiangBU/test-workflowr.

1. in the document [learn-literate-prog.Rmd](https://github.com/JiaxiangBU/test-workflowr/blob/master/analysis/learn-literate-prog.Rmd), I specify `bibliography: add.bib
`, thus the bibtex works in this pages [learn-literate-prog](https://jiaxiangbu.github.io/test-workflowr/learn-literate-prog)
1. in the document [learn-literate-prog-2.Rmd](https://github.com/JiaxiangBU/test-workflowr/blob/master/analysis/learn-literate-prog-2.Rmd), I don't specify `bibliography: add.bib
` and set it in the [_site.yml](https://github.com/JiaxiangBU/test-workflowr/blob/master/analysis/_site.yml), but the bibtex works in this pages [learn-literate-prog-2](https://jiaxiangbu.github.io/test-workflowr/learn-literate-prog-2)