Signed-off-by: LiFeng <lifeng68@huawei.com>
I am trying to access host machines devices:

rtbrick@VYSHAKH:/dev$ ls -ltr /dev/vhost-net 
crw-rw-rw- 1 root root 10, 238 Jan  1 17:25 /dev/vhost-net
rtbrick@VYSHAKH:/dev$ ls -ltr /dev/net/tun 
crw-rw-rw- 1 root root 10, 200 Jan  1 17:26 /dev/net/tun

into lxc container:

rtbrick@VYSHAKH:/dev$ sudo lxc-ls -f vpp3
NAME STATE   AUTOSTART GROUPS IPV4                 IPV6 UNPRIVILEGED 
vpp3 RUNNING 0         -      10.0.3.162, 10.0.4.1 -    false        

with the command:

rtbrick@VYSHAKH:/dev$ sudo lxc-device -n vpp3 add /dev/net/tun
rtbrick@VYSHAKH:/dev$ sudo lxc-device -n vpp3 add /dev/vhost-net 

I could see the device files in lxc container :

ubuntu@vpp3:~ $ 
ubuntu@vpp3:~ $ ls -ltr /dev/vhost-net
crw-r--r-- 1 root root 10, 238 Jan  1 13:18 /dev/vhost-net
ubuntu@vpp3:~ $ ls -ltr /dev/net/tun
crw-r--r-- 1 root root 10, 200 Jan  1 13:18 /dev/net/tun
ubuntu@vpp3:~$ 

but i am able to access only one of it though both are accessible in the host machine and the permissions are all fine:

ubuntu@vpp3:~ $ cat /dev/net/tun
cat: /dev/net/tun: File descriptor in bad state
ubuntu@vpp3:~ $ 
**ubuntu@vpp3:~ $ cat /dev/vhost-net
cat: /dev/vhost-net: Operation not permitted**
ubuntu@vpp3:~ $ 

**ubuntu@vpp3:~ $ sudo cat /dev/vhost-net
cat: /dev/vhost-net: Operation not permitted
ubuntu@vpp3:~ $ sudo su
root@vpp3:/home/ubuntu# cat /dev/vhost-net
cat: /dev/vhost-net: Operation not permitted
root@vpp3:/home/ubuntu#** 

Am i missing anything here? 


 * Distribution: Ubuntu
 * Distribution version: 19.10 Eoan
 * Host Linux booted with systemd.unified_cgroup_hierarchy and does not have V1 CGroup Freezer
 * Host Kernel version: `Linux version 5.3.0-24-generic (buildd@lgw01-amd64-035) (gcc version 9.2.1 20191008 (Ubuntu 9.2.1-9ubuntu2)) #26-Ubuntu SMP Thu Nov 14 01:33:18 UTC 2019 (Ubuntu 5.3.0-24.26-generic 5.3.10)`
 * Package versions:
```shell-sessioin
# dpkg-query -W | egrep 'lxc|criu'
criu	3.13-2ppa1.19.04
liblxc-common	3.2.1+master~20191217-0246-0ubuntu1~eoan
liblxc1	3.2.1+master~20191217-0246-0ubuntu1~eoan
lxc-utils	3.2.1+master~20191217-0246-0ubuntu1~eoan
lxcfs	3.0.4-2
```

# Issue description

`lxc-checkpoint -D` gives the following error on a host Linux with cgroup v2-only.

```shell-session
# lxc-checkpoint -v -n eoan -D /tmp/checkpoint
lxc-checkpoint: eoan: criu.c: exec_criu: 413 failed getting freezer path
lxc-checkpoint: eoan: criu.c: do_dump: 1304 dump failed with 1
lxc-checkpoint: eoan: criu.c: do_dump: 1318 criu output: 
lxc-checkpoint: eoan: tools/lxc_checkpoint.c: checkpoint: 184 Checkpointing eoan failed
```

The below code does not seem to handle the new V2 freezer interface, e.g.,
`/sys/fs/cgroup/lxc.payload.eoan/cgroup.freeze` available in Linux kernel 5.2 and newer.

https://github.com/lxc/lxc/blob/2d50f34074beeb24b70a77044878b7aa6e199c32/src/lxc/criu.c#L409-L415

# Steps to reproduce

 1. Boot Linux with `systemd.unified_cgroup_hierarchy=1`
 2. Run some LXC container.
 3. `lxc-checkpoint -v -D -n  container-name`

Signed-off-by: dongxinhua <dongxinhua@huawei.com>
hi,
I have noticed that even with a fixed name for the host interface ( `lxc.net.0.veth.pair` ) the mac addr of the interface appears to be random. I would like to set a fixed hwaddr so that the link local ipv6 address is predictable. I have found no documentation on how to achieve this, trying the logical `lxc.net.0.veth.pair.hwaddr = 52:54:00:04:32:02` fails because `52:54:00:04:32:02` is not a valid interface name.

I can't use `lxc.net.[i].ipv6.gateway` because the interface is configured in the container.

# Required information

 * Distribution: Debian
 * Distribution version: 10
 * The output of
   * `lxc-start --version`: 3.0.3
   * `lxc-checkconfig` everything enabled,
   * `uname -a`: 4.19.0-6-amd64 #1 SMP Debian 4.19.67-2+deb10u2 (2019-11-11) x86_64 GNU/Linux

# Information to attach
Unprivileged container started by root.
```
lxc.include = /usr/share/lxc/config/common.conf
lxc.include = /usr/share/lxc/config/userns.conf
lxc.arch = amd64
lxc.uts.name = foo

lxc.idmap = u 0 1869472 65536
lxc.idmap = g 0 1869472 65536
lxc.rootfs.path = dir:/vmroots/foo-container/rootfs
lxc.rootfs.path = lvm:/dev/vg0/foo-container

lxc.cap.drop = audit_read
lxc.start.auto = 1
lxc.net.0.type = veth
lxc.net.0.link = foo
lxc.net.0.name = eth0
lxc.net.0.hwaddr = 52:54:00:08:32:02
lxc.net.0.veth.pair = h_foo
lxc.cgroup.memory.limit_in_bytes = 4294967296
lxc.apparmor.profile = generated
lxc.apparmor.allow_nesting = 1
```

 * Distribution: Debian
 * Distribution version: Testing
 * `lxc-start --version`
```
3.0.4
```
 * `lxc-checkconfig`
```
Kernel configuration not found at /proc/config.gz; searching...
Kernel configuration found at /boot/config-5.5.0-rc1
--- Namespaces ---
Namespaces: enabled
Utsname namespace: enabled
Ipc namespace: enabled
Pid namespace: enabled
User namespace: enabled
Network namespace: enabled

--- Control groups ---
Cgroups: enabled

Cgroup v1 mount points: 
/sys/fs/cgroup/systemd
/sys/fs/cgroup/cpuset
/sys/fs/cgroup/cpu,cpuacct
/sys/fs/cgroup/memory
/sys/fs/cgroup/pids
/sys/fs/cgroup/perf_event
/sys/fs/cgroup/net_cls,net_prio
/sys/fs/cgroup/blkio
/sys/fs/cgroup/rdma
/sys/fs/cgroup/freezer
/sys/fs/cgroup/devices

Cgroup v2 mount points: 
/sys/fs/cgroup/unified

Cgroup v1 clone_children flag: enabled
Cgroup device: enabled
Cgroup sched: enabled
Cgroup cpu account: enabled
Cgroup memory controller: enabled
Cgroup cpuset: enabled

--- Misc ---
Veth pair device: enabled, loaded
Macvlan: enabled, not loaded
Vlan: enabled, not loaded
Bridges: enabled, loaded
Advanced netfilter: enabled, loaded
CONFIG_NF_NAT_IPV4: missing
CONFIG_NF_NAT_IPV6: missing
CONFIG_IP_NF_TARGET_MASQUERADE: enabled, not loaded
CONFIG_IP6_NF_TARGET_MASQUERADE: enabled, not loaded
CONFIG_NETFILTER_XT_TARGET_CHECKSUM: enabled, not loaded
CONFIG_NETFILTER_XT_MATCH_COMMENT: enabled, not loaded
FUSE (for use with lxcfs): enabled, loaded

--- Checkpoint/Restore ---
checkpoint restore: enabled
CONFIG_FHANDLE: enabled
CONFIG_EVENTFD: enabled
CONFIG_EPOLL: enabled
CONFIG_UNIX_DIAG: enabled
CONFIG_INET_DIAG: enabled
CONFIG_PACKET_DIAG: enabled
CONFIG_NETLINK_DIAG: enabled
File capabilities: 

Note : Before booting a new kernel, you can check its configuration
usage : CONFIG=/path/to/config /usr/bin/lxc-checkconfig
```
 * `uname -a`
```
Linux gnu1 5.5.0-rc1 #1 SMP Thu Dec 12 23:04:48 UTC 2019 x86_64 GNU/Linux
```
 * `cat /proc/self/cgroup`
```
11:devices:/user.slice
10:freezer:/user/lyberta/0
9:rdma:/
8:blkio:/user.slice
7:net_cls,net_prio:/
6:perf_event:/
5:pids:/user.slice/user-1000.slice/session-2.scope
4:memory:/user.slice/user-1000.slice/session-2.scope
3:cpu,cpuacct:/user.slice
2:cpuset:/
1:name=systemd:/user.slice/user-1000.slice/session-2.scope
0::/user.slice/user-1000.slice/session-2.scope
```
 * `cat /proc/1/mounts`
```
sysfs /sys sysfs rw,nosuid,nodev,noexec,relatime 0 0
proc /proc proc rw,nosuid,nodev,noexec,relatime 0 0
udev /dev devtmpfs rw,nosuid,noexec,relatime,size=8131376k,nr_inodes=2032844,mode=755 0 0
devpts /dev/pts devpts rw,nosuid,noexec,relatime,gid=5,mode=620,ptmxmode=000 0 0
tmpfs /run tmpfs rw,nosuid,nodev,noexec,relatime,size=1638580k,mode=755 0 0
/dev/mapper/encrypted_root / ext4 rw,relatime,errors=remount-ro,stripe=32738 0 0
securityfs /sys/kernel/security securityfs rw,nosuid,nodev,noexec,relatime 0 0
tmpfs /dev/shm tmpfs rw,nosuid,nodev 0 0
tmpfs /run/lock tmpfs rw,nosuid,nodev,noexec,relatime,size=5120k 0 0
tmpfs /sys/fs/cgroup tmpfs ro,nosuid,nodev,noexec,mode=755 0 0
cgroup2 /sys/fs/cgroup/unified cgroup2 rw,nosuid,nodev,noexec,relatime 0 0
cgroup /sys/fs/cgroup/systemd cgroup rw,nosuid,nodev,noexec,relatime,xattr,name=systemd 0 0
pstore /sys/fs/pstore pstore rw,nosuid,nodev,noexec,relatime 0 0
efivarfs /sys/firmware/efi/efivars efivarfs rw,nosuid,nodev,noexec,relatime 0 0
none /sys/fs/bpf bpf rw,nosuid,nodev,noexec,relatime,mode=700 0 0
cgroup /sys/fs/cgroup/cpuset cgroup rw,nosuid,nodev,noexec,relatime,cpuset,clone_children 0 0
cgroup /sys/fs/cgroup/cpu,cpuacct cgroup rw,nosuid,nodev,noexec,relatime,cpu,cpuacct 0 0
cgroup /sys/fs/cgroup/memory cgroup rw,nosuid,nodev,noexec,relatime,memory 0 0
cgroup /sys/fs/cgroup/pids cgroup rw,nosuid,nodev,noexec,relatime,pids 0 0
cgroup /sys/fs/cgroup/perf_event cgroup rw,nosuid,nodev,noexec,relatime,perf_event 0 0
cgroup /sys/fs/cgroup/net_cls,net_prio cgroup rw,nosuid,nodev,noexec,relatime,net_cls,net_prio 0 0
cgroup /sys/fs/cgroup/blkio cgroup rw,nosuid,nodev,noexec,relatime,blkio 0 0
cgroup /sys/fs/cgroup/rdma cgroup rw,nosuid,nodev,noexec,relatime,rdma 0 0
cgroup /sys/fs/cgroup/freezer cgroup rw,nosuid,nodev,noexec,relatime,freezer 0 0
cgroup /sys/fs/cgroup/devices cgroup rw,nosuid,nodev,noexec,relatime,devices 0 0
systemd-1 /proc/sys/fs/binfmt_misc autofs rw,relatime,fd=27,pgrp=1,timeout=0,minproto=5,maxproto=5,direct,pipe_ino=22054 0 0
mqueue /dev/mqueue mqueue rw,nosuid,nodev,noexec,relatime 0 0
hugetlbfs /dev/hugepages hugetlbfs rw,relatime,pagesize=2M 0 0
debugfs /sys/kernel/debug debugfs rw,nosuid,nodev,noexec,relatime 0 0
/dev/sda1 /boot/efi vfat rw,relatime,fmask=0022,dmask=0022,codepage=437,iocharset=ascii,shortname=mixed,utf8,errors=remount-ro 0 0
/dev/mapper/encrypted_home /home ext4 rw,relatime 0 0
/dev/mapper/encrypted_ssd /mnt/SSD ext4 rw,relatime 0 0
/dev/mapper/encrypted_hdd /mnt/HDD ext4 rw,relatime 0 0
binfmt_misc /proc/sys/fs/binfmt_misc binfmt_misc rw,nosuid,nodev,noexec,relatime 0 0
lxcfs /var/lib/lxcfs fuse.lxcfs rw,nosuid,nodev,relatime,user_id=0,group_id=0,allow_other 0 0
fusectl /sys/fs/fuse/connections fusectl rw,nosuid,nodev,noexec,relatime 0 0
tmpfs /run/user/1000 tmpfs rw,nosuid,nodev,relatime,size=1638576k,mode=700,uid=1000,gid=1000 0 0
```

# Issue description

The unprivileged container works with kernel version 5.3.9 but doesn't with 5.5-rc1.

# Information to attach

 - [+] container log (The <log> file from running `lxc-start -n <c> -l <log> -o DEBUG`)
```
lxc-start Steam 20191212212149.715 INFO     confile - confile.c:set_config_idmaps:1626 - Read uid map: type u nsid 0 hostid 1258512 range 1000
lxc-start Steam 20191212212149.715 INFO     confile - confile.c:set_config_idmaps:1626 - Read uid map: type g nsid 0 hostid 1258512 range 1000
lxc-start Steam 20191212212149.715 INFO     confile - confile.c:set_config_idmaps:1626 - Read uid map: type u nsid 1000 hostid 1000 range 1
lxc-start Steam 20191212212149.715 INFO     confile - confile.c:set_config_idmaps:1626 - Read uid map: type g nsid 1000 hostid 1000 range 1
lxc-start Steam 20191212212149.715 INFO     confile - confile.c:set_config_idmaps:1626 - Read uid map: type u nsid 1001 hostid 1259513 range 64535
lxc-start Steam 20191212212149.715 INFO     confile - confile.c:set_config_idmaps:1626 - Read uid map: type g nsid 1001 hostid 1259513 range 64535
lxc-start Steam 20191212212149.715 INFO     lxccontainer - lxccontainer.c:do_lxcapi_start:971 - Set process title to [lxc monitor] /home/lyberta/.local/share/lxc Steam
lxc-start Steam 20191212212149.716 INFO     lsm - lsm/lsm.c:lsm_init:50 - LSM security driver AppArmor
lxc-start Steam 20191212212149.716 INFO     seccomp - seccomp.c:parse_config_v2:759 - Processing "reject_force_umount  # comment this to allow umount -f;  not recommended"
lxc-start Steam 20191212212149.716 INFO     seccomp - seccomp.c:do_resolve_add_rule:505 - Set seccomp rule to reject force umounts
lxc-start Steam 20191212212149.716 INFO     seccomp - seccomp.c:parse_config_v2:935 - Added native rule for arch 0 for reject_force_umount action 0(kill)
lxc-start Steam 20191212212149.716 INFO     seccomp - seccomp.c:do_resolve_add_rule:505 - Set seccomp rule to reject force umounts
lxc-start Steam 20191212212149.716 INFO     seccomp - seccomp.c:parse_config_v2:944 - Added compat rule for arch 1073741827 for reject_force_umount action 0(kill)
lxc-start Steam 20191212212149.716 INFO     seccomp - seccomp.c:do_resolve_add_rule:505 - Set seccomp rule to reject force umounts
lxc-start Steam 20191212212149.716 INFO     seccomp - seccomp.c:parse_config_v2:954 - Added compat rule for arch 1073741886 for reject_force_umount action 0(kill)
lxc-start Steam 20191212212149.716 INFO     seccomp - seccomp.c:do_resolve_add_rule:505 - Set seccomp rule to reject force umounts
lxc-start Steam 20191212212149.716 INFO     seccomp - seccomp.c:parse_config_v2:964 - Added native rule for arch -1073741762 for reject_force_umount action 0(kill)
lxc-start Steam 20191212212149.716 INFO     seccomp - seccomp.c:parse_config_v2:759 - Processing "[all]"
lxc-start Steam 20191212212149.716 INFO     seccomp - seccomp.c:parse_config_v2:759 - Processing "kexec_load errno 1"
lxc-start Steam 20191212212149.716 INFO     seccomp - seccomp.c:parse_config_v2:935 - Added native rule for arch 0 for kexec_load action 327681(errno)
lxc-start Steam 20191212212149.716 INFO     seccomp - seccomp.c:parse_config_v2:944 - Added compat rule for arch 1073741827 for kexec_load action 327681(errno)
lxc-start Steam 20191212212149.716 INFO     seccomp - seccomp.c:parse_config_v2:954 - Added compat rule for arch 1073741886 for kexec_load action 327681(errno)
lxc-start Steam 20191212212149.716 INFO     seccomp - seccomp.c:parse_config_v2:964 - Added native rule for arch -1073741762 for kexec_load action 327681(errno)
lxc-start Steam 20191212212149.716 INFO     seccomp - seccomp.c:parse_config_v2:759 - Processing "open_by_handle_at errno 1"
lxc-start Steam 20191212212149.716 INFO     seccomp - seccomp.c:parse_config_v2:935 - Added native rule for arch 0 for open_by_handle_at action 327681(errno)
lxc-start Steam 20191212212149.716 INFO     seccomp - seccomp.c:parse_config_v2:944 - Added compat rule for arch 1073741827 for open_by_handle_at action 327681(errno)
lxc-start Steam 20191212212149.716 INFO     seccomp - seccomp.c:parse_config_v2:954 - Added compat rule for arch 1073741886 for open_by_handle_at action 327681(errno)
lxc-start Steam 20191212212149.716 INFO     seccomp - seccomp.c:parse_config_v2:964 - Added native rule for arch -1073741762 for open_by_handle_at action 327681(errno)
lxc-start Steam 20191212212149.716 INFO     seccomp - seccomp.c:parse_config_v2:759 - Processing "init_module errno 1"
lxc-start Steam 20191212212149.716 INFO     seccomp - seccomp.c:parse_config_v2:935 - Added native rule for arch 0 for init_module action 327681(errno)
lxc-start Steam 20191212212149.716 INFO     seccomp - seccomp.c:parse_config_v2:944 - Added compat rule for arch 1073741827 for init_module action 327681(errno)
lxc-start Steam 20191212212149.716 INFO     seccomp - seccomp.c:parse_config_v2:954 - Added compat rule for arch 1073741886 for init_module action 327681(errno)
lxc-start Steam 20191212212149.716 INFO     seccomp - seccomp.c:parse_config_v2:964 - Added native rule for arch -1073741762 for init_module action 327681(errno)
lxc-start Steam 20191212212149.716 INFO     seccomp - seccomp.c:parse_config_v2:759 - Processing "finit_module errno 1"
lxc-start Steam 20191212212149.716 INFO     seccomp - seccomp.c:parse_config_v2:935 - Added native rule for arch 0 for finit_module action 327681(errno)
lxc-start Steam 20191212212149.716 INFO     seccomp - seccomp.c:parse_config_v2:944 - Added compat rule for arch 1073741827 for finit_module action 327681(errno)
lxc-start Steam 20191212212149.716 INFO     seccomp - seccomp.c:parse_config_v2:954 - Added compat rule for arch 1073741886 for finit_module action 327681(errno)
lxc-start Steam 20191212212149.716 INFO     seccomp - seccomp.c:parse_config_v2:964 - Added native rule for arch -1073741762 for finit_module action 327681(errno)
lxc-start Steam 20191212212149.716 INFO     seccomp - seccomp.c:parse_config_v2:759 - Processing "delete_module errno 1"
lxc-start Steam 20191212212149.716 INFO     seccomp - seccomp.c:parse_config_v2:935 - Added native rule for arch 0 for delete_module action 327681(errno)
lxc-start Steam 20191212212149.716 INFO     seccomp - seccomp.c:parse_config_v2:944 - Added compat rule for arch 1073741827 for delete_module action 327681(errno)
lxc-start Steam 20191212212149.716 INFO     seccomp - seccomp.c:parse_config_v2:954 - Added compat rule for arch 1073741886 for delete_module action 327681(errno)
lxc-start Steam 20191212212149.716 INFO     seccomp - seccomp.c:parse_config_v2:964 - Added native rule for arch -1073741762 for delete_module action 327681(errno)
lxc-start Steam 20191212212149.716 INFO     seccomp - seccomp.c:parse_config_v2:970 - Merging compat seccomp contexts into main context
lxc-start Steam 20191212212149.717 DEBUG    terminal - terminal.c:lxc_terminal_peer_default:676 - No such device - The process does not have a controlling terminal
lxc-start Steam 20191212212149.717 DEBUG    conf - conf.c:chown_mapped_root:3146 - trying to chown "/dev/pts/2" to 1000
lxc-start Steam 20191212212149.725 INFO     start - start.c:lxc_init:926 - Container "Steam" is initialized
lxc-start Steam 20191212212149.725 INFO     cgfsng - cgroups/cgfsng.c:cgfsng_monitor_create:1401 - The monitor process uses "lxc.monitor/Steam" as cgroup
lxc-start Steam 20191212212149.726 INFO     cgfsng - cgroups/cgfsng.c:cgfsng_payload_create:1466 - The container process uses "lxc.payload/Steam" as cgroup
lxc-start Steam 20191212212149.726 INFO     start - start.c:lxc_spawn:1762 - Cloned CLONE_NEWUSER
lxc-start Steam 20191212212149.726 INFO     start - start.c:lxc_spawn:1762 - Cloned CLONE_NEWNS
lxc-start Steam 20191212212149.726 INFO     start - start.c:lxc_spawn:1762 - Cloned CLONE_NEWPID
lxc-start Steam 20191212212149.726 INFO     start - start.c:lxc_spawn:1762 - Cloned CLONE_NEWUTS
lxc-start Steam 20191212212149.726 INFO     start - start.c:lxc_spawn:1762 - Cloned CLONE_NEWIPC
lxc-start Steam 20191212212149.726 DEBUG    start - start.c:lxc_try_preserve_namespaces:192 - Preserved user namespace via fd 15
lxc-start Steam 20191212212149.726 DEBUG    start - start.c:lxc_try_preserve_namespaces:192 - Preserved mnt namespace via fd 16
lxc-start Steam 20191212212149.726 DEBUG    start - start.c:lxc_try_preserve_namespaces:192 - Preserved pid namespace via fd 17
lxc-start Steam 20191212212149.726 DEBUG    start - start.c:lxc_try_preserve_namespaces:192 - Preserved uts namespace via fd 18
lxc-start Steam 20191212212149.726 DEBUG    start - start.c:lxc_try_preserve_namespaces:192 - Preserved ipc namespace via fd 19
lxc-start Steam 20191212212149.726 DEBUG    conf - conf.c:idmaptool_on_path_and_privileged:2822 - The binary "/usr/bin/newuidmap" does have the setuid bit set
lxc-start Steam 20191212212149.726 DEBUG    conf - conf.c:idmaptool_on_path_and_privileged:2822 - The binary "/usr/bin/newgidmap" does have the setuid bit set
lxc-start Steam 20191212212149.726 DEBUG    conf - conf.c:lxc_map_ids:2908 - Functional newuidmap and newgidmap binary found
lxc-start Steam 20191212212149.731 INFO     start - start.c:do_start:1180 - Unshared CLONE_NEWNET
lxc-start Steam 20191212212149.731 DEBUG    conf - conf.c:idmaptool_on_path_and_privileged:2822 - The binary "/usr/bin/newuidmap" does have the setuid bit set
lxc-start Steam 20191212212149.731 DEBUG    conf - conf.c:idmaptool_on_path_and_privileged:2822 - The binary "/usr/bin/newgidmap" does have the setuid bit set
lxc-start Steam 20191212212149.731 DEBUG    conf - conf.c:lxc_map_ids:2908 - Functional newuidmap and newgidmap binary found
lxc-start Steam 20191212212149.735 DEBUG    start - start.c:lxc_spawn:1817 - Preserved net namespace via fd 10
lxc-start Steam 20191212212149.735 WARN     start - start.c:lxc_spawn:1822 - Operation not permitted - Failed to allocate new network namespace id
lxc-start Steam 20191212212149.735 INFO     network - network.c:lxc_create_network_unpriv_exec:2267 - Execing lxc-user-nic create /home/lyberta/.local/share/lxc Steam 2774 veth lxcbr0 (null)
lxc-start Steam 20191212212149.812 NOTICE   utils - utils.c:lxc_switch_uid_gid:1403 - Switched to gid 0
lxc-start Steam 20191212212149.812 NOTICE   utils - utils.c:lxc_switch_uid_gid:1412 - Switched to uid 0
lxc-start Steam 20191212212149.812 NOTICE   utils - utils.c:lxc_setgroups:1425 - Dropped additional groups
lxc-start Steam 20191212212149.812 INFO     start - start.c:do_start:1291 - Unshared CLONE_NEWCGROUP
lxc-start Steam 20191212212149.813 DEBUG    storage - storage/storage.c:get_storage_by_name:232 - Detected rootfs type "dir"
lxc-start Steam 20191212212149.813 ERROR    dir - storage/dir.c:dir_mount:198 - Cannot allocate memory - Failed to mount "/mnt/SSD/Lyberta/LXC/Steam/rootfs" on "/usr/lib/x86_64-linux-gnu/lxc/rootfs"
lxc-start Steam 20191212212149.813 ERROR    conf - conf.c:lxc_mount_rootfs:1326 - Failed to mount rootfs "/mnt/SSD/Lyberta/LXC/Steam/rootfs" onto "/usr/lib/x86_64-linux-gnu/lxc/rootfs" with options "(null)"
lxc-start Steam 20191212212149.813 ERROR    conf - conf.c:lxc_setup_rootfs_prepare_root:3417 - Failed to setup rootfs for
lxc-start Steam 20191212212149.813 ERROR    conf - conf.c:lxc_setup:3520 - Failed to setup rootfs
lxc-start Steam 20191212212149.813 ERROR    start - start.c:do_start:1311 - Failed to setup container "Steam"
lxc-start Steam 20191212212149.813 ERROR    sync - sync.c:__sync_wait:61 - An error occurred in another process (expected sequence number 5)
lxc-start Steam 20191212212149.813 DEBUG    network - network.c:lxc_delete_network:3308 - Deleted network devices
lxc-start Steam 20191212212149.813 ERROR    start - start.c:lxc_abort:1115 - No such file or directory - Failed to send SIGKILL to 2774
lxc-start Steam 20191212212149.813 DEBUG    lxccontainer - lxccontainer.c:wait_on_daemonized_start:839 - First child 2765 exited
lxc-start Steam 20191212212149.813 ERROR    lxccontainer - lxccontainer.c:wait_on_daemonized_start:850 - Received container state "ABORTING" instead of "RUNNING"
lxc-start Steam 20191212212149.813 ERROR    lxc_start - tools/lxc_start.c:main:329 - The container failed to start
lxc-start Steam 20191212212149.813 ERROR    lxc_start - tools/lxc_start.c:main:332 - To get more details, run the container in foreground mode
lxc-start Steam 20191212212149.813 ERROR    start - start.c:__lxc_start:2031 - Failed to spawn container "Steam"
lxc-start Steam 20191212212149.813 ERROR    lxc_start - tools/lxc_start.c:main:334 - Additional information can be obtained by setting the --logfile and --logpriority options
lxc-start Steam 20191212212149.813 DEBUG    conf - conf.c:idmaptool_on_path_and_privileged:2822 - The binary "/usr/bin/newuidmap" does have the setuid bit set
lxc-start Steam 20191212212149.813 DEBUG    conf - conf.c:idmaptool_on_path_and_privileged:2822 - The binary "/usr/bin/newgidmap" does have the setuid bit set
lxc-start Steam 20191212212149.813 DEBUG    conf - conf.c:lxc_map_ids:2908 - Functional newuidmap and newgidmap binary found
lxc-start Steam 20191212212149.856 INFO     conf - conf.c:run_script_argv:371 - Executing script "/usr/share/lxcfs/lxc.reboot.hook" for container "Steam", config section "lxc"
```
 - [+] the containers configuration file
```
# Template used to create this container: /usr/share/lxc/templates/lxc-download
# Parameters passed to the template:
# Template script checksum (SHA-1): 273c51343604eb85f7e294c8da0a5eb769d648f3
# For additional config options, please look at lxc.container.conf(5)

# Uncomment the following line to support nesting containers:
#lxc.include = /usr/share/lxc/config/nesting.conf
# (Be aware this has security implications)

# "Secure" mounting
# Network configuration

# Distribution configuration
lxc.include = /usr/share/lxc/config/common.conf
lxc.include = /usr/share/lxc/config/userns.conf
lxc.arch = linux64

# Container specific configuration
lxc.include = /etc/lxc/default.conf
# Lyberta: Fix for Debian unprivileged containers
lxc.apparmor.profile = unconfined
lxc.mount.auto = proc:mixed sys:ro cgroup:mixed
#lxc.rootfs.path = dir:/home/lyberta/.local/share/lxc/Steam/rootfs
lxc.rootfs.path = dir:/mnt/SSD/Lyberta/LXC/Steam/rootfs
lxc.uts.name = Steam

# Network configuration
lxc.net.0.type = veth
lxc.net.0.link = lxcbr0
lxc.net.0.flags = up
lxc.net.0.hwaddr = 00:FF:AA:00:00:01

# Link sound and video to host
# See: https://stgraber.org/2014/02/09/lxc-1-0-gui-in-containers/
lxc.mount.entry = /dev/dri dev/dri none bind,optional,create=dir
lxc.mount.entry = /dev/snd dev/snd none bind,optional,create=dir
lxc.mount.entry = /tmp/.X11-unix tmp/.X11-unix none bind,optional,create=dir
#lxc.mount.entry = /dev/video0 dev/video0 none bind,optional,create=file
lxc.mount.entry = /run/user/1000/pulse/native home/lyberta/.pulse_socket none bind,optional,create=file

# Adjust user mapping for video and sound
# See: https://stgraber.org/2014/02/09/lxc-1-0-gui-in-containers/
# The idea is to map 1000 user to the real 1000 user on host, the rest uses
# IDs created by newuidmap/newgidmap.

# Map IDs 0 - 999 to fake ones
lxc.idmap = u 0 1258512 1000
lxc.idmap = g 0 1258512 1000
# Map 1000 to real one
lxc.idmap = u 1000 1000 1
lxc.idmap = g 1000 1000 1
# Map the rest to fake ones, notice the numbers
lxc.idmap = u 1001 1259513 64535
lxc.idmap = g 1001 1259513 64535
```
 * Distribution: Ubuntu
 * Distribution version: 16.04 LTS Xenial Xerus
 * The output of
   * `lxc-start --version`: 3.0.3

# Issue description

I had several Volumes in a Dir backed Pool. For some reason the Directory for the Pool (and hence the Volumes) went away (I only rebooted the host; maybe it was deleted long ago by a coworker, but `lxc` hold to the Dir?). Then I tried to destroy the Volumes both via `terraform` and `lxc storage volume delete` command. Both reported the Volumes were deleted, but listing them with `lxc storage volume list` still showed them. 

I started looking around and found the Pool Dir was missing. I created the Pool and Volume Dirs with `sudo mkdir -pv /var/snap/lxd/common/lxd/storage-pools/local/custom/CWDC-CLDN-0{1,2,3,4,5,6}-cloudian00{1,2,3,4}` and run again `lxc storage volume delete` on them and it worked.

# Steps to reproduce

 1. Create some empty Volumes on a Dir backed Pool
 2. Remove the Pool Dir.
 3. Delete the Volume
 4. List Volumes.

Hello,

I am using unprivileged containers with directory back-end for rootfs. The thing is `df` output inside the container displays the entire information of host's mount on which this rootfs directory is stored. For example if I have /dev/sdb mounted as /mnt/sdb on host with rootfs for a `container A` stored in `/mnt/sdb/A`, a `df -h` inside the container will display:

```
Filesystem              Size  Used Avail Use% Mounted on
/dev/sdb               1000G  632G  368G  63% /
none                    492K     0  492K   0% /dev
udev                    959M     0  959M   0% /dev/tty
tmpfs                   974M     0  974M   0% /dev/shm
tmpfs                   974M  8.1M  966M   1% /run
tmpfs                   5.0M     0  5.0M   0% /run/lock
tmpfs                   974M     0  974M   0% /sys/fs/cgroup
```

As you can see it displays the full size, usage etc of /dev/sdb. Is there a way to hide this information from the container?

Thanks.
# Required information

 * Distribution: Fedora
 * Distribution version: 31
 * The output of
   * `lxc-start --version`
```
[regularuser@testserver ~]$ lxc-start --version
3.0.4
```
   * `lxc-checkconfig`
```
[regularuser@testserver ~]$ lxc-checkconfig
Kernel configuration not found at /proc/config.gz; searching...
Kernel configuration found at /boot/config-5.3.14-300.fc31.x86_64
--- Namespaces ---
Namespaces: enabled
Utsname namespace: enabled
Ipc namespace: enabled
Pid namespace: enabled
User namespace: enabled
Warning: newuidmap is not setuid-root
Warning: newgidmap is not setuid-root
Network namespace: enabled

--- Control groups ---
Cgroups: enabled

Cgroup v1 mount points: 


Cgroup v2 mount points: 
/sys/fs/cgroup

Cgroup v1 systemd controller: missing
Cgroup v1 freezer controller: missing
Cgroup namespace: required
Cgroup device: enabled
Cgroup sched: enabled
Cgroup cpu account: enabled
Cgroup memory controller: enabled
Cgroup cpuset: enabled

--- Misc ---
Veth pair device: enabled, not loaded
Macvlan: enabled, not loaded
Vlan: enabled, not loaded
Bridges: enabled, loaded
Advanced netfilter: enabled, not loaded
CONFIG_NF_NAT_IPV4: missing
CONFIG_NF_NAT_IPV6: missing
CONFIG_IP_NF_TARGET_MASQUERADE: enabled, not loaded
CONFIG_IP6_NF_TARGET_MASQUERADE: enabled, not loaded
CONFIG_NETFILTER_XT_TARGET_CHECKSUM: enabled, not loaded
CONFIG_NETFILTER_XT_MATCH_COMMENT: enabled, not loaded
FUSE (for use with lxcfs): enabled, not loaded

--- Checkpoint/Restore ---
checkpoint restore: enabled
CONFIG_FHANDLE: enabled
CONFIG_EVENTFD: enabled
CONFIG_EPOLL: enabled
CONFIG_UNIX_DIAG: enabled
CONFIG_INET_DIAG: enabled
CONFIG_PACKET_DIAG: enabled
CONFIG_NETLINK_DIAG: enabled
File capabilities: 

Note : Before booting a new kernel, you can check its configuration
usage : CONFIG=/path/to/config /usr/bin/lxc-checkconfig
```
   * `uname -a`
```
[regularuser@testserver ~]$ uname -a
Linux testserver 5.3.14-300.fc31.x86_64 #1 SMP Mon Dec 2 15:41:35 UTC 2019 x86_64 x86_64 x86_64 GNU/Linux
```
   * `cat /proc/self/cgroup`
```
[regularuser@testserver ~]$ cat /proc/self/cgroup
0::/user.slice/user-1000.slice/session-7.scope
```
   * `cat /proc/1/mounts`
```
[regularuser@testserver ~]$ cat /proc/1/mounts
sysfs /sys sysfs rw,seclabel,nosuid,nodev,noexec,relatime 0 0
proc /proc proc rw,nosuid,nodev,noexec,relatime 0 0
devtmpfs /dev devtmpfs rw,seclabel,nosuid,size=16337860k,nr_inodes=4084465,mode=755 0 0
securityfs /sys/kernel/security securityfs rw,nosuid,nodev,noexec,relatime 0 0
tmpfs /dev/shm tmpfs rw,seclabel,nosuid,nodev 0 0
devpts /dev/pts devpts rw,seclabel,nosuid,noexec,relatime,gid=5,mode=620,ptmxmode=000 0 0
tmpfs /run tmpfs rw,seclabel,nosuid,nodev,mode=755 0 0
cgroup2 /sys/fs/cgroup cgroup2 rw,seclabel,nosuid,nodev,noexec,relatime,nsdelegate 0 0
pstore /sys/fs/pstore pstore rw,seclabel,nosuid,nodev,noexec,relatime 0 0
efivarfs /sys/firmware/efi/efivars efivarfs rw,nosuid,nodev,noexec,relatime 0 0
bpf /sys/fs/bpf bpf rw,nosuid,nodev,noexec,relatime,mode=700 0 0
configfs /sys/kernel/config configfs rw,nosuid,nodev,noexec,relatime 0 0
/dev/mapper/fedora_host-root / xfs rw,seclabel,relatime,attr2,inode64,logbufs=8,logbsize=32k,noquota 0 0
selinuxfs /sys/fs/selinux selinuxfs rw,relatime 0 0
systemd-1 /proc/sys/fs/binfmt_misc autofs rw,relatime,fd=29,pgrp=1,timeout=0,minproto=5,maxproto=5,direct,pipe_ino=25757 0 0
debugfs /sys/kernel/debug debugfs rw,seclabel,nosuid,nodev,noexec,relatime 0 0
mqueue /dev/mqueue mqueue rw,seclabel,nosuid,nodev,noexec,relatime 0 0
hugetlbfs /dev/hugepages hugetlbfs rw,seclabel,relatime,pagesize=2M 0 0
tmpfs /tmp tmpfs rw,seclabel,nosuid,nodev 0 0
/dev/sda2 /boot xfs rw,seclabel,relatime,attr2,inode64,logbufs=8,logbsize=32k,noquota 0 0
/dev/sda1 /boot/efi vfat rw,relatime,fmask=0077,dmask=0077,codepage=437,iocharset=ascii,shortname=winnt,errors=remount-ro 0 0
tmpfs /run/user/0 tmpfs rw,seclabel,nosuid,nodev,relatime,size=3270444k,mode=700 0 0
sunrpc /var/lib/nfs/rpc_pipefs rpc_pipefs rw,relatime 0 0
tmpfs /run/user/1000 tmpfs rw,seclabel,nosuid,nodev,relatime,size=3270444k,mode=700,uid=1000,gid=1000 0 0
```

# Issue description

After a fresh install of Fedora 31 and LXC, and after creating the `~/.config/lxc` directories and `~/.config/lxc/default.conf` configuration file per the LXC [Getting Started Guide](https://linuxcontainers.org/lxc/getting-started/), we're unable to start a newly-created container.

# Steps to reproduce

 1. Run `lxc-create` as an unprivileged user on a fresh install:
 ```
[regularuser@testserver ~]$ lxc-create -t download -n testfedora31_2 -- -d fedora -r 31 -a amd64
Setting up the GPG keyring
Downloading the image index
Downloading the rootfs
Downloading the metadata
The image cache is now ready
Unpacking the rootfs

---
You just created a Fedora 31 x86_64 (20191208_20:33) container.
```
 2. Try to start the container:
```
[regularuser@testserver ~]$ lxc-start -n testfedora31_2 -l DEBUG -o ~/output.log
lxc-start: testfedora31_2: lxccontainer.c: wait_on_daemonized_start: 850 Received container state "STOPPING" instead of "RUNNING"
lxc-start: testfedora31_2: tools/lxc_start.c: main: 329 The container failed to start
lxc-start: testfedora31_2: tools/lxc_start.c: main: 332 To get more details, run the container in foreground mode
lxc-start: testfedora31_2: tools/lxc_start.c: main: 334 Additional information can be obtained by setting the --logfile and --logpriority options
```

# Information to attach

 - [X] any relevant kernel output (`dmesg`) 
Not applicable. No kernel logs generated.
 - [X] container log (The <log> file from running `lxc-start -n <c> -l <log> -o DEBUG`)
Attached [output.log](https://github.com/lxc/lxc/files/3938001/output.log).
 - [X] the containers configuration file
Attached [config.txt](https://github.com/lxc/lxc/files/3938003/config.txt).

In the pre-populated issue template on GitHub, the **Information to attach** section lists a "container log" with a suggested command of:
`lxc-start -n <c> -l <log> -o DEBUG`

The arguments for `-l` and `-o` options appear to be transposed. That is, the command should read:
`lxc-start -n <c> -l DEBUG -o <log>`

In order to increase legibility and clarify intent, it might also be better to expand the angled bracketed arguments to something like:
`lxc-start -n <container_name> -l DEBUG -o <log_filepath>`

Relevant section of issue template is quoted below:

> # Information to attach
> 
>  - [ ] any relevant kernel output (`dmesg`)
>  - [ ] container log (The <log> file from running `lxc-start -n <c> -l <log> -o DEBUG`)
>  - [ ] the containers configuration file
> 