we build our nginx-passenger-module with a lua module, is it possible to do this in passenger-docker or is there a variant with a lua module ?
Now the latest passenger-docker image uses Phusion Passenger 6.
Hey there! ðŸ‘‹ 

We're using this image (`phusion/passenger-ruby25:1.0.5`) to run a Rails app, and we are not seeing the behavior documented at https://github.com/phusion/passenger-docker#setting-environment-variables-in-nginx. Environment variables that are set up through Docker Compose .env mechanism are visible to the Rails app.

My question is:
* if this expected? If so, should the documentation be updated? (happy to submit a PR)
* otherwise, should this be fixed?

My biggest concern is that this is fixed inadvertently in a further version, and apps suddenly start breaking for obscure reasons when updating the Phusion Passenger image version.

### Reproduction steps

We are using docker-compose. Here are relevant extracts and reproduction steps:

```yaml
# docker-compose.yml:
services:
  app:
    build: .
    environment:
      TEST_ENV_VAR: ${TEST_ENV_VAR}
```

```bash
# .env
TEST_ENV_VAR=test1234
```

```Dockerfile
# Dockerfile:
FROM phusion/passenger-ruby25:1.0.5
# Allow nginx to pass environment variables to the app at runtime:
COPY ./docker/env.conf /etc/nginx/main.d/env.conf
# [...] Copy the app's files, install dependencies, etc.
```

`env.conf` **does not contain any line like** `env TEST_ENV_VAR;`, yet the following is possible:

```bash
$ sudo docker-compose build
$ sudo docker-compose up -d
$ sudo docker-compose exec app bash
# The environment variable is in the container's environment:
root@c4503f22222e:/home/app# printenv | grep TEST_ENV_VAR
TEST_ENV_VAR=test1234
# Our nginx config doesn't contain anything to pass the env var to the child processes:
root@c4503f22222e:/home/app# cat /etc/nginx/main.d/db-env.conf | grep TEST_ENV_VAR
# Yet Rails has loaded the environment variable:
root@c4503f22222e:/home/app# cd webapp/
root@c4503f22222e:/home/app/webapp# bin/rails c
Running via Spring preloader in process 3004
Loading production environment (Rails 5.2.0)
2.5.1 :001 > ENV['TEST_ENV_VAR']
 => "test1234" 
```

I'm not sure if this is related to phusion/baseimage-docker#525 but I'm getting the following error on the most recent `phusion/passenger-ruby23` image. Arch Linux host. Docker version: `18.09.5-ce`.

```
passenger_1     | *** Running /etc/my_init.d/00_regen_ssh_host_keys.sh...
passenger_1     | *** Running /etc/my_init.d/10_syslog-ng.init...
passenger_1     | [2019-05-11T18:27:40.329161] Error opening control socket, bind() failed; socket='/var/lib/syslog-ng/syslog-ng.ctl', error='Permission denied (13)'
passenger_1     | May 11 18:27:40 a11679c47c41 syslog-ng[21]: syslog-ng starting up; version='3.13.2'
passenger_1     | *** /etc/my_init.d/10_syslog-ng.init failed with status 1
passenger_1     | *** Killing all processes...
passenger_1     | May 11 18:28:10 a11679c47c41 syslog-ng[21]: syslog-ng shutting down; version='3.13.2'
```

This error seems to block the container for continuing causing my application to not function with new builds.
From the Readme.md I get the impression that the attached [Dockerfile.txt](https://github.com/phusion/passenger-docker/files/3133144/Dockerfile.txt) should build an image that can run containers I can SSH into.  I'm not able to log in though, even though my key is clearly added correctly.  What else do I need to do?  Could you please add to or correct the Readme to make this more obvious?  

Here is what I did to create the image and the container:
`Gimli:Centaur griesser$ docker build -t linzertorte .
Sending build context to Docker daemon  1.486MB
Step 1/8 : FROM phusion/passenger-full:1.0.5
 ---> dff8ec761464
Step 2/8 : ENV HOME /root
 ---> Using cache
 ---> 9d388d71902f
Step 3/8 : CMD ["/sbin/my_init"]
 ---> Using cache
 ---> 97486b0a5083
Step 4/8 : ADD ./keys/id_rsa.pub /tmp/id_rsa.pub
 ---> Using cache
 ---> 51efcc13d2e3
Step 5/8 : RUN cat /tmp/id_rsa.pub >> /root/.ssh/authorized_keys
 ---> Running in fecd0c78c80c
Removing intermediate container fecd0c78c80c
 ---> ccf29dfa522c
Step 6/8 : RUN rm -f /etc/service/sshd/down
 ---> Running in c9c8e465bf26
Removing intermediate container c9c8e465bf26
 ---> 7f47b2d630e6
Step 7/8 : RUN /etc/my_init.d/00_regen_ssh_host_keys.sh
 ---> Running in 63458ab1cd81
No SSH host key available. Generating one...
Creating SSH2 RSA key; this may take some time ...
2048 SHA256:jmfxpk7/tbzBoSP8Iio1tIsQf0fmUf33cPzwV8Wie5E root@63458ab1cd81 (RSA)
Creating SSH2 ECDSA key; this may take some time ...
256 SHA256:yz9/WxTlYgQ8A/akvSEaHzikbqCMVxW9nraLiZhDqHE root@63458ab1cd81 (ECDSA)
Creating SSH2 ED25519 key; this may take some time ...
256 SHA256:7ZNCSDsGIFEI2P00q4nqX3Ws/GI1bMrNebbgSktXOOM root@63458ab1cd81 (ED25519)
invoke-rc.d: could not determine current runlevel
invoke-rc.d: policy-rc.d denied execution of restart.
Removing intermediate container 63458ab1cd81
 ---> 0e5e0da5f227
Step 8/8 : RUN apt-get clean && rm -rf /var/lib/apt/lists/* /tmp/* /var/tmp/*
 ---> Running in a131feb32527
Removing intermediate container a131feb32527
 ---> 191d01efef30
Successfully built 191d01efef30
Successfully tagged linzertorte:latest
Gimli:Centaur griesser$ docker run --name Sneezy  linzertorte
*** Running /etc/my_init.d/00_regen_ssh_host_keys.sh...
*** Running /etc/my_init.d/10_syslog-ng.init...
Apr 30 20:35:29 1c06f2c264d1 syslog-ng[13]: syslog-ng starting up; version='3.13.2'
*** Running /etc/my_init.d/30_presetup_nginx.sh...
*** Booting runit daemon...
*** Runit started as PID 23
Apr 30 20:35:30 1c06f2c264d1 cron[31]: (CRON) INFO (pidfile fd = 3)
Apr 30 20:35:30 1c06f2c264d1 cron[31]: (CRON) INFO (Running @reboot jobs)`


Then, in another shell, I attempted to log in via ssh:
`Gimli:Centaur griesser$ docker ps
CONTAINER ID        IMAGE                            COMMAND             CREATED             STATUS              PORTS               NAMES
1c06f2c264d1        linzertorte                      "/sbin/my_init"     54 seconds ago      Up 53 seconds       80/tcp, 443/tcp     Sneezy
Gimli:Centaur griesser$ docker inspect -f "{{ .NetworkSettings.IPAddress }}" 1c06f2c264d1
172.17.0.2
Gimli:Centaur griesser$ ssh -i /Users/griesser/.ssh/id_rsa root@172.17.0.2
ssh: connect to host 172.17.0.2 port 22: Operation timed out`


Since that failed, I verified that my public key was indeed copied into/root/.ssh/authorized_keys:
`Gimli:Centaur griesser$ docker exec -it Sneezy bash -l
root@1c06f2c264d1:/# more /root/.ssh/authorized_keys
ssh-rsa AAAAB3NzaC1yc2EAAAADAQABAAACAQC3N04E1W2rTUeQ/Qs01rv4prVAuREDlMrzd7fkEHfksLlblX7eKqr3DEECFBvnydLt+xmRDo/2LAdTJxitCodjjiS+kLj2keSRoumzz6CIVN4r4IZjay0uwRC/5VCvMrcCqihjmr9kWpgJ8spu2VmcntJtXvV6hmHz8
oF085Dw26ObXhrHZdNN4BmppcztjyOjOD7DYOwHk+APEVuSHBxy78t+fbC2A3Slxz53tNnwUY6EEQO3ljkX1ptQxDlXBvxpvmVfp60jGetOBv0QXgHPVvV6g9hO1NfTqyWgKYUxnQyBmOrRpba+O7wXeDCc9DG0ElZGs32jQm170OrJkIe09SU2y06URppYN6s06mrRd8
Y20YtZAus6O/WGZs3nVzS/tRcyEfxYy0vVZ5DEKuF7keumo0mZRvgEaf6hf2ys2r33k9wv9bzMbz0sFWfwlEVzN+q+vrUbhZ5XFM8qlwszB9wYQjubRclG5oWyEsB3zBFzHbh4Ypp8fazTJzqg/YNW8rN0QZxAMkiiQ/rHIJ1WqipIF1t9ZcMg+tVzlD6tel51ToZqsui
1P2xkwY5TppeKGzmttCDS2s3iAbdUIxMln1dONyysMxJIk6W8VYxFyqGCbiPCYW8KD5Rn7t6lLYpE8wiHPhH51CrL037t2rycOwSiCktz+wjuJvMTHn04Rw== griesser@Gimli.local
root@1c06f2c264d1:/#`




The main README.md (in a couple of places) suggests that to upgrade the OS/Passenger in the image, run this in your Dockerfile:

`RUN apt-get update && apt-get upgrade -y -o Dpkg::Options::="--force-confold"
`

https://raphaelhertzog.com/2010/09/21/debian-conffile-configuration-file-managed-by-dpkg/
suggests that the above will leave unmodified conf files untouched by any future upgrades and to upgrade these to their new defaults you should use:

`RUN apt-get update && apt-get upgrade -y -o Dpkg::Options::="--force-confdef" -o Dpkg::Options::="--force-confold"
`

i.e. you need to define both options.
```bash
$ docker-compose -f docker-compose.dev.yml up --build
Building server
Step 1/2 : FROM phusion/passenger-customizable
 ---> 29a423dbad51
Step 2/2 : RUN /pd_build/nodejs.sh
 ---> Running in c74321413be1
+ echo '+ Enabling Node Source APT repo'
+ Enabling Node Source APT repo
+ run curl -s https://deb.nodesource.com/gpgkey/nodesource.gpg.key
+ echo '+ curl' -s https://deb.nodesource.com/gpgkey/nodesource.gpg.key
+ curl -s https://deb.nodesource.com/gpgkey/nodesource.gpg.key
+ apt-key add -
Warning: apt-key output should not be parsed (stdout is not a terminal)
OK
+ echo 'deb https://deb.nodesource.com/node_10.x bionic main'
+ echo 'deb-src https://deb.nodesource.com/node_10.x bionic main'
+ apt-get update
Get:1 http://security.ubuntu.com/ubuntu bionic-security InRelease [88.7 kB]
Err:1 http://security.ubuntu.com/ubuntu bionic-security InRelease
  Error writing to output file - write (28: No space left on device) [IP: 91.189.88.161 80]
Get:2 http://archive.ubuntu.com/ubuntu bionic InRelease [242 kB]
Err:2 http://archive.ubuntu.com/ubuntu bionic InRelease
  Error writing to output file - write (28: No space left on device) [IP: 91.189.88.161 80]
Get:3 https://deb.nodesource.com/node_10.x bionic InRelease [4584 B]
Err:3 https://deb.nodesource.com/node_10.x bionic InRelease
  Error writing to output file - write (28: No space left on device) [IP: 54.230.202.97 443]
Get:4 http://archive.ubuntu.com/ubuntu bionic-updates InRelease [88.7 kB]
Err:4 http://archive.ubuntu.com/ubuntu bionic-updates InRelease
  Error writing to output file - write (28: No space left on device) [IP: 91.189.88.161 80]
Ign:5 https://oss-binaries.phusionpassenger.com/apt/passenger bionic InRelease
Get:6 http://archive.ubuntu.com/ubuntu bionic-backports InRelease [74.6 kB]
Err:6 http://archive.ubuntu.com/ubuntu bionic-backports InRelease
  Error writing to output file - write (28: No space left on device) [IP: 91.189.88.161 80]
Get:7 https://oss-binaries.phusionpassenger.com/apt/passenger bionic Release [22.8 kB]
Err:7 https://oss-binaries.phusionpassenger.com/apt/passenger bionic Release
  Error writing to output file - write (28: No space left on device) [IP: 109.107.35.58 443]
Reading package lists...
E: The repository 'https://oss-binaries.phusionpassenger.com/apt/passenger bionic Release' does not have a Release file.
ERROR: Service 'server' failed to build: The command '/bin/sh -c /pd_build/nodejs.sh' returned a non-zero code: 100
```
this portion of my `Dockerfile` sets up nginx enterprise, as I have for years

```
ADD docker_config/passenger-enterprise-license /etc/passenger-enterprise-license
RUN echo deb https://download:$KEY@www.phusionpassenger.com/enterprise_apt bionic main > /etc/apt/sources.list.d/passenger.list
RUN apt-get update && apt-get install -y -o Dpkg::Options::="--force-confold" passenger-enterprise nginx-extras```

Which installs fine, but nginx starts with error:

```*** Running /etc/my_init.d/00_regen_ssh_host_keys.sh...
*** Running /etc/my_init.d/10_syslog-ng.init...
Jan 24 22:19:33 6c466d3d8675 syslog-ng[15]: syslog-ng starting up; version='3.13.2'
*** Running /etc/my_init.d/30_presetup_nginx.sh...
*** Booting runit daemon...
*** Runit started as PID 25
ok: run: /etc/service/nginx-log-forwarder: (pid 33) 0s
Jan 24 22:19:34 6c466d3d8675 cron[31]: (CRON) INFO (pidfile fd = 3)
Jan 24 22:19:34 6c466d3d8675 cron[31]: (CRON) INFO (Running @reboot jobs)
nginx: [emerg] open() "/etc/nginx/modules-enabled/50-mod-http-passenger.conf" failed (2: No such file or directory) in /etc/nginx/nginx.conf:7
2019/01/24 22:19:34 [emerg] 34#34: open() "/etc/nginx/modules-enabled/50-mod-http-passenger.conf" failed (2: No such file or directory) in /etc/nginx/nginx.conf:7
```

The file is, indeed, missing.  It seems that other people have run into this issue in the past and have fixed it with deleting files, symlinks, etc. 

https://gorails.com/deploy/ubuntu/18.04

But we should not have to hack this image to get it to work.  Any suggestions?
fix #237 
I use passenger-customizable:1.0.1 to build my docker image. And I enabled the redis. but when I run the image it keep reporting error in /var/log/redis-server.log

> Creating Server TCP listening socket ::1:6379: bind: Cannot assign requested address

I checked the redis.conf file, and the default config is:

> bind 127.0.0.1 ::1

if I change it to

>  bind 127.0.0.1

everything restores normal.
so is it a configuration error?