Dear developers,

I found I cannot align some columns like `members`, `books`, is there a solution?

Best,
Shixiang

```
> test <- 
+ structure(list(login = c("elegant-r", "biotrainee", "hidden"), 
+                name = c("优雅R", "生信技能树", "隐藏库"), books = c(1L, 
+                                                           2L, 0L), topics = c(0L, 0L, 0L), members = c(1L, 54L, 1L), 
+                description = c("「优雅R」公众号", "生信技能树 创建于\n2016年8月，是中国第\n一家专注于生信知识体\n系完善、促进生信学习\n交流的论坛。我们通过\n收集国内外生信学习资\n源，邀请大神分享的领\n域专业知识，发布菜鸟\n的真实学习笔记，搭建\n生信技术人员联盟，", 
+                                "用来测试")), class = c("tbl_df", "tbl", "data.frame"
+                                ), row.names = c(NA, -3L))
> test
# A tibble: 3 x 6
  login     name     books topics members description                                                                             
  <chr>     <chr>    <int>  <int>   <int> <chr>                                                                                   
1 elegant-r 优雅R        1      0       1 「优雅R」公众号                                                                         
2 biotrain… 生信技能树…     2      0      54 "生信技能树 创建于\n2016年8月，是中国第\n一家专注于生信知识体\n系完善、促进生信学习\n交流的论坛。我们通过\n收集国内外生信学习资\n源，邀请大神分享的领\n域…
3 hidden    隐藏库       0      0       1 用来测试                                                                                
> pander::pandoc.table(test)

---------------------------------------------------------------------------
   login         name      books   topics   members       description      
------------ ------------ ------- -------- --------- ----------------------
 elegant-r      优雅R        1       0         1        「优雅R」公众号    

 biotrainee   生信技能树     2       0        54       生信技能树 创建于   
                                                      2016年8月，是中国第  
                                                      一家专注于生信知识体 
                                                      系完善、促进生信学习 
                                                      交流的论坛。我们通过 
                                                      收集国内外生信学习资 
                                                      源，邀请大神分享的领 
                                                      域专业知识，发布菜鸟 
                                                      的真实学习笔记，搭建 
                                                       生信技术人员联盟，  

   hidden       隐藏库       0       0         1            用来测试       
---------------------------------------------------------------------------

> pander::pandoc.table(test, justify = "left")

---------------------------------------------------------------------------
login        name         books   topics   members   description           
------------ ------------ ------- -------- --------- ----------------------
elegant-r    优雅R        1       0        1         「优雅R」公众号       

biotrainee   生信技能树   2       0        54        生信技能树 创建于     
                                                     2016年8月，是中国第   
                                                     一家专注于生信知识体  
                                                     系完善、促进生信学习  
                                                     交流的论坛。我们通过  
                                                     收集国内外生信学习资  
                                                     源，邀请大神分享的领  
                                                     域专业知识，发布菜鸟  
                                                     的真实学习笔记，搭建  
                                                     生信技术人员联盟，    

hidden       隐藏库       0       0        1         用来测试              
---------------------------------------------------------------------------

> pander::pandoc.table(test, justify = "left", style = "grid")


+------------+------------+-------+--------+---------+----------------------+
| login      | name       | books | topics | members | description          |
+============+============+=======+========+=========+======================+
| elegant-r  | 优雅R      | 1     | 0      | 1       | 「优雅R」公众号      |
+------------+------------+-------+--------+---------+----------------------+
| biotrainee | 生信技能树 | 2     | 0      | 54      | 生信技能树 创建于    |
|            |            |       |        |         | 2016年8月，是中国第  |
|            |            |       |        |         | 一家专注于生信知识体 |
|            |            |       |        |         | 系完善、促进生信学习 |
|            |            |       |        |         | 交流的论坛。我们通过 |
|            |            |       |        |         | 收集国内外生信学习资 |
|            |            |       |        |         | 源，邀请大神分享的领 |
|            |            |       |        |         | 域专业知识，发布菜鸟 |
|            |            |       |        |         | 的真实学习笔记，搭建 |
|            |            |       |        |         | 生信技术人员联盟，   |
+------------+------------+-------+--------+---------+----------------------+
| hidden     | 隐藏库     | 0     | 0      | 1       | 用来测试             |
+------------+------------+-------+--------+---------+----------------------+
```

Test data:

```
> dput(test)
structure(list(login = c("elegant-r", "biotrainee", "hidden"), 
    name = c("优雅R", "生信技能树", "隐藏库"), books = c(1L, 
    2L, 0L), topics = c(0L, 0L, 0L), members = c(1L, 54L, 1L), 
    description = c("「优雅R」公众号", "生信技能树 创建于\n2016年8月，是中国第\n一家专注于生信知识体\n系完善、促进生信学习\n交流的论坛。我们通过\n收集国内外生信学习资\n源，邀请大神分享的领\n域专业知识，发布菜鸟\n的真实学习笔记，搭建\n生信技术人员联盟，", 
    "用来测试")), class = c("tbl_df", "tbl", "data.frame"
), row.names = c(NA, -3L))
```
I use pander a lot for tables in Rmarkdown generated from Rstudio so many thanks for the package.

Here's a reproducible example I think.  It may be a bit of an edge case as I do want row names when they are 1:nrow(tmpDF)

```
dput(tmpDF)
structure(list(companyid = c("5be03792e60b662819bb2068", "5be071e44f07bccdf1601d0e", 
"5be069ddc5ad8b5d83c1a453", "5c5d5d3f65c8f7daf974b770", "5c7e670b08263a276d43198d", 
"5c8f873bb34f572ae12bd0b3", "5c8fccf2bf6843025d207058", "5ca1b137e4e8ee864f9c8152", 
"5ca1fd523115bd8cf834fe7d", "5cab31b0bacb74464a4cba4e"), nRowsDat = c(7429L, 
7742L, 2829L, 448L, 302L, 1994L, 827L, 1634L, 441L, 18L), nUsers = c(57L, 
70L, 15L, 4L, 2L, 23L, 12L, 14L, 4L, 1L), firstDate = structure(c(17780, 
17780, 17843, 17952, 17960, 17973, 17981, 17987, 17987, 17994
), class = "Date"), lastDate = structure(c(18000, 17994, 17933, 
17961, 17988, 18000, 17999, 18000, 17999, 17994), class = "Date"), 
    daysInData = c(220, 214, 90, 9, 28, 27, 18, 13, 12, 0)), row.names = c(NA, 
-10L), class = "data.frame")
```

```
> tmpDF
                  companyid nRowsDat nUsers  firstDate   lastDate daysInData
1  5be03792e60b662819bb2068     7429     57 2018-09-06 2019-04-14        220
2  5be071e44f07bccdf1601d0e     7742     70 2018-09-06 2019-04-08        214
3  5be069ddc5ad8b5d83c1a453     2829     15 2018-11-08 2019-02-06         90
4  5c5d5d3f65c8f7daf974b770      448      4 2019-02-25 2019-03-06          9
5  5c7e670b08263a276d43198d      302      2 2019-03-05 2019-04-02         28
6  5c8f873bb34f572ae12bd0b3     1994     23 2019-03-18 2019-04-14         27
7  5c8fccf2bf6843025d207058      827     12 2019-03-26 2019-04-13         18
8  5ca1b137e4e8ee864f9c8152     1634     14 2019-04-01 2019-04-14         13
9  5ca1fd523115bd8cf834fe7d      441      4 2019-04-01 2019-04-13         12
10 5cab31b0bacb74464a4cba4e       18      1 2019-04-08 2019-04-08          0

> dim(tmpDF)
[1] 10  6
```
but
```
> pander(tmpDF, justify = "rlrrllr",row.names = 1:nrow(tmpDF)) # left over from bug reporting
Error in pandoc.table.return(res[[1]], caption = caption, digits = digits,  : 
  Wrong number of parameters (5 instead of *4*) passed: justify

> pander(tmpDF, justify = "rlrrllr")
Error in pandoc.table.return(...) : 
  Wrong number of parameters (7 instead of *6*) passed: justify
```
Which is correct, as it is that 
`pander(tmpDF, justify = "lrrllr")`
works correctly.

I hope I'm not missing something.  TIA, Chris



This is tangential to what I think is a bug report I'll put in separately.  Is it possible to have the options on pander(), essentially on pandoc.table() to allow row.names=TRUE? This would be symmetrical with row.names=FALSE which is allowed, and would greatly simplify asking for row.names of data frames to be printed.  TIA, Chris
Is there a way to set multiple pander options in the same command? I feel it clutters the code to have 3+ lines of panderOptions commands.
It would be great if we could pander(Manova(fit, type=2)) from the car package. It's complicated, however, by the fact that the Manova function prints directly instead of generating an object with a relevant matrix.
```
pandoc: PandocLuaException "[string \"local fig_caption = true...\"]:456: bad argument #2 to 'format' (number has no integer representation)"
Error: pandoc document conversion failed with error 1
``` 

## Example Rmd where this occurs:

[break_pandoc.zip](https://github.com/Rapporter/pander/files/1781748/break_pandoc.zip)

I have `pander    * 0.6.1   2017-08-06 CRAN (R 3.4.1)` and I get the following error:

``` r
library(pander)
res = unzip("break_pandoc.zip", files = "break_pandoc.Rmd")
#> Warning in unzip("break_pandoc.zip", files = "break_pandoc.Rmd"): error 1
#> in extracting from zip file
rmarkdown::render("break_pandoc.Rmd")
#> processing file: break_pandoc.Rmd
#> output file: break_pandoc.knit.md
#> /usr/local/bin/pandoc +RTS -K512m -RTS break_pandoc.utf8.md --to html --from markdown+autolink_bare_uris+ascii_identifiers+tex_math_single_backslash --output break_pandoc.html --email-obfuscation none --self-contained --variable transition=0.4 --template /Library/Frameworks/R.framework/Versions/3.4/Resources/library/rmarkdown/rmd/ioslides/default.html --include-in-header /var/folders/1s/wrtqcpxn685_zk570bnx9_rr0000gr/T//RtmpjAJmrG/rmarkdown-str113de752a3f1d.html --mathjax --variable 'mathjax-url:https://mathjax.rstudio.com/latest/MathJax.js?config=TeX-AMS-MML_HTMLorMML' 
#> /usr/local/bin/pandoc +RTS -K512m -RTS break_pandoc.utf8.md --to ioslides_presentation.lua --from markdown+autolink_bare_uris+ascii_identifiers+tex_math_single_backslash --output /var/folders/1s/wrtqcpxn685_zk570bnx9_rr0000gr/T//RtmpjAJmrG/ioslides-output113de2895c503.html --slide-level 2
#> Error: pandoc document conversion failed with error 1
```

## Session Information
```r
devtools::session_info()
#> Session info -------------------------------------------------------------
#>  setting  value                       
#>  version  R version 3.4.3 (2017-11-30)
#>  system   x86_64, darwin15.6.0        
#>  ui       X11                         
#>  language (EN)                        
#>  collate  en_US.UTF-8                 
#>  tz       America/New_York            
#>  date     2018-03-05
#> Packages -----------------------------------------------------------------
#>  package   * version date       source        
#>  backports   1.1.2   2017-12-13 CRAN (R 3.4.3)
#>  base      * 3.4.3   2017-12-07 local         
#>  compiler    3.4.3   2017-12-07 local         
#>  datasets  * 3.4.3   2017-12-07 local         
#>  devtools    1.13.5  2018-02-18 CRAN (R 3.4.3)
#>  digest      0.6.15  2018-01-28 CRAN (R 3.4.3)
#>  evaluate    0.10.1  2017-06-24 cran (@0.10.1)
#>  graphics  * 3.4.3   2017-12-07 local         
#>  grDevices * 3.4.3   2017-12-07 local         
#>  htmltools   0.3.6   2017-04-28 CRAN (R 3.4.0)
#>  knitr       1.18    2017-12-27 CRAN (R 3.4.3)
#>  magrittr    1.5     2014-11-22 CRAN (R 3.4.0)
#>  memoise     1.1.0   2017-04-21 CRAN (R 3.4.0)
#>  methods   * 3.4.3   2017-12-07 local         
#>  pander    * 0.6.1   2017-08-06 CRAN (R 3.4.1)
#>  Rcpp        0.12.15 2018-01-20 CRAN (R 3.4.3)
#>  rmarkdown   1.8     2017-11-17 CRAN (R 3.4.2)
#>  rprojroot   1.2     2017-01-16 CRAN (R 3.4.0)
#>  stats     * 3.4.3   2017-12-07 local         
#>  stringi     1.1.6   2017-11-17 CRAN (R 3.4.2)
#>  stringr     1.3.0   2018-02-19 cran (@1.3.0) 
#>  tools       3.4.3   2017-12-07 local         
#>  utils     * 3.4.3   2017-12-07 local         
#>  withr       2.1.1   2017-12-19 CRAN (R 3.4.3)
#>  yaml        2.1.16  2017-12-12 cran (@2.1.16)
```

```
MacBook-Pro-6$ pandoc --version
pandoc 2.1.2
Compiled with pandoc-types 1.17.3.1, texmath 0.10.1.1, skylighting 0.6
Copyright (C) 2006-2018 John MacFarlane
Web:  http://pandoc.org
This is free software; see the source for copying conditions.
There is no warranty, not even for merchantability or fitness
for a particular purpose.
```
My use case was just `caption = NULL`, I'm not sure if the default caption still works with this PR.
Since I'm mostly writing stuff in German and the hyphenation function which pander uses under the hood already supports a bunch of languages _including German_, I'd like to have an option to change the current hard-coded value of `'en.us'`.

The relevant code seems to be this line of `helpers.R`:
https://github.com/Rapporter/pander/blob/32e0f75ef359225a27aba3641fbe4fa84a5dc6d5/R/helpers.R#L404

If I'm right, we just need to be able to set `hyph.pattern` directly in `pandoc.table` (and maybe other relevant pander functions, I don't know) and pass that argument on to `koRpus::hyphen()`. Of course, `'en.us'` could still be the default.

According to the package documentation the following languages are currently supported out of the box:

- "de" — German (new spelling, since 1996)
- "de.old" — German (old spelling, 1901–1996)
- "en" — English (UK)
- "en.us" — English (US)
- "es" — Spanish
- "fr" — French
- "it" — Italian
- "ru" — Russian

So a lot of non-english speaking people would benefit of this addition 🙂  What do you think?
Consider the following reprex:
```R
library(dplyr)
library(pander)

data_frame(a = "This a hopefully _self-explanatory_ example of unduly removed hyphens.") %>% 
    pandoc.table(split.cells = 20, use.hyphening = TRUE)
#> 
#> -------------------
#>          a         
#> -------------------
#>  This a hopefully  
#>  _selfexplanatory_ 
#>  example of unduly 
#>  removed hyphens.  
#> -------------------
```

In the output table the hyphen of the word **_self-explanatory_** gets removed (because the parameter `rm.hyph` of `koRpus::hyphen()` is left at it's default value of `TRUE`).

I'm not familiar with the code and therefore didn't submit a pull request (yet). But I guess it would be enough to add the argument `rm.hyph = FALSE` to the following line of `helpers.R`:
https://github.com/Rapporter/pander/blob/32e0f75ef359225a27aba3641fbe4fa84a5dc6d5/R/helpers.R#L404

What do you think? Alternatively, if you see any benefit/use case in having the hyphenator removing existing hyphens beforehand (I don't), an additional parameter could be introduced which passes the the option on to `koRpus::hyphen`.
If I run the following:

```
#call 1
Pandoc.brew(text = "# heading \n text" , output = "fileinsamdir.rtf", convert = 'rtf')

#call 2
Pandoc.brew(text = "# heading \n text" , output = "tables/fileindiffdir.rtf", convert = 'rtf')
```

The first call works fine. 

The second creates a file in 'tables/' but this file contains only the markdown string, and is not converted to rtf (same for docx). Additionally, there is an error displayed: `pandoc: tables/fileindiffdir.rtf: openFile: does not exist (No such file or directory)`. 

