Hi,
I'm interested in particular subset of gene expression in my drop-seq dataset. 
To correct for batch effect, I first used <FindIntegrationAnchors> and <IntegrateData> to integrate the reads from 4 different sequencing batches.
Then I ran <FindAllMarkers>, but regardless the threshold I set (even for logfc.threshold=0, return.thresh=1), I always got the markers from VariableFeatures.
I realized that the markers are only calculated from variable feature subset, although on the documentation page it said it should be from all genes.

I wonder if it is due to the integrated data? Because the genes I'm interested are not in the variable features, if there is anyway I can calculate markers from all genes? 

Thanks!
Sylvia
> subset(obj, idents="1")
Error:
> subset<-subset(obj, subset = sample == "WT")
Error:
> obj
An object of class Seurat
97973 features across 21157 samples within 2 assays
Active assay: SCT (33381 features)
 1 other assay present: Spatial
 3 dimensional reductions calculated: pca, harmony, umap

Hi,

I am encountering this error when I try Leidenalg. Does anyone knows what is going on?
```

 seu <- FindClusters(seu, algorithm = 4, random.seed = 256, resolution = 0.5)
Error in leidenalg$find_partition(snn_graph, leidenalg$RBConfigurationVertexPartition,  : 
  attempt to apply non-function
```
```
> sessionInfo()
R version 3.6.2 (2019-12-12)
Platform: x86_64-pc-linux-gnu (64-bit)
Running under: Ubuntu 18.04.3 LTS

Matrix products: default
BLAS:   /usr/lib/x86_64-linux-gnu/blas/libblas.so.3.7.1
LAPACK: /usr/lib/x86_64-linux-gnu/lapack/liblapack.so.3.7.1

locale:
 [1] LC_CTYPE=en_US.UTF-8       LC_NUMERIC=C               LC_TIME=en_US.UTF-8        LC_COLLATE=en_US.UTF-8     LC_MONETARY=en_US.UTF-8    LC_MESSAGES=en_US.UTF-8    LC_PAPER=en_US.UTF-8      
 [8] LC_NAME=C                  LC_ADDRESS=C               LC_TELEPHONE=C             LC_MEASUREMENT=en_US.UTF-8 LC_IDENTIFICATION=C       

attached base packages:
[1] parallel  stats     graphics  grDevices utils     datasets  methods   base     

other attached packages:
 [1] reticulate_1.14     scales_1.1.0        RColorBrewer_1.1-2  slingshot_1.2.0     Biobase_2.44.0      BiocGenerics_0.30.0 princurve_2.1.4     dplyr_0.8.3         plyr_1.8.5          Seurat_3.1.2       

loaded via a namespace (and not attached):
  [1] R.utils_2.9.2               tidyselect_0.2.5            RSQLite_2.2.0               AnnotationDbi_1.46.1        htmlwidgets_1.5.1           grid_3.6.2                  BiocParallel_1.18.1        
  [8] Rtsne_0.15                  RNeXML_2.4.0                munsell_0.5.0               codetools_0.2-16            mutoss_0.1-12               ica_1.0-2                   miniUI_0.1.1.1             
 [15] future_1.15.1               withr_2.1.2                 colorspace_1.4-1            knitr_1.26                  uuid_0.1-2                  pspline_1.0-18              zinbwave_1.6.0             
 [22] rstudioapi_0.10             stats4_3.6.2                SingleCellExperiment_1.6.0  ROCR_1.0-7                  ggsignif_0.6.0              gbRd_0.4-11                 listenv_0.8.0              
 [29] NMF_0.21.0                  Rdpack_0.11-1               labeling_0.3                GenomeInfoDbData_1.2.1      mnormt_1.5-5                bit64_0.9-7                 farver_2.0.1               
 [36] pheatmap_1.0.12             rhdf5_2.28.1                vctrs_0.2.1                 TH.data_1.0-10              xfun_0.12                   R6_2.4.1                    doParallel_1.0.15          
 [43] GenomeInfoDb_1.20.0         rsvd_1.0.2                  locfit_1.5-9.1              manipulateWidget_0.10.0     bitops_1.0-6                DelayedArray_0.10.0         assertthat_0.2.1           
 [50] promises_1.1.0              SDMTools_1.1-221.2          multcomp_1.4-12             gtable_0.3.0                phylobase_0.8.6             npsurv_0.4-0                globals_0.12.5             
 [57] sandwich_2.5-1              rlang_0.4.2                 genefilter_1.66.0           zeallot_0.1.0               splines_3.6.2               lazyeval_0.2.2              rgl_0.100.30               
 [64] BiocManager_1.30.10         yaml_2.2.0                  reshape2_1.4.3              crosstalk_1.0.0             backports_1.1.5             httpuv_1.5.2                tools_3.6.2                
 [71] gridBase_0.4-7              ggplot2_3.2.1               gplots_3.0.1.2              stabledist_0.7-1            ggridges_0.5.2              TFisher_0.2.0               Rcpp_1.0.3                 
 [78] base64enc_0.1-3             progress_1.2.2              zlibbioc_1.30.0             purrr_0.3.3                 RCurl_1.95-4.12             prettyunits_1.1.0           ggpubr_0.2.4               
 [85] pbapply_1.4-2               cowplot_1.0.0               S4Vectors_0.22.1            zoo_1.8-7                   SummarizedExperiment_1.14.1 ggrepel_0.8.1               cluster_2.1.0              
 [92] magrittr_1.5                data.table_1.12.8           RSpectra_0.16-0             lmtest_0.9-37               RANN_2.6.1                  mvtnorm_1.0-12              fitdistrplus_1.0-14        
 [99] matrixStats_0.55.0          gsl_2.1-6                   mime_0.8                    hms_0.5.3                   lsei_1.2-0                  evaluate_0.14               xtable_1.8-4               
[106] XML_3.98-1.20               readxl_1.3.1                shape_1.4.4                 IRanges_2.18.3              gridExtra_2.3               compiler_3.6.2              tibble_2.1.3               
[113] KernSmooth_2.23-16          crayon_1.3.4                R.oo_1.23.0                 htmltools_0.4.0             later_1.0.0                 pcaPP_1.9-73                tidyr_1.0.0                
[120] RcppParallel_4.4.4          DBI_1.1.0                   howmany_0.3-1               MASS_7.3-51.5               rappdirs_0.3.1              Matrix_1.2-18               ade4_1.7-13                
[127] readr_1.3.1                 R.methodsS3_1.7.1           gdata_2.18.0                metap_1.2                   igraph_1.2.4.2              GenomicRanges_1.36.1        pkgconfig_2.0.3            
[134] rncl_0.8.3                  sn_1.5-4                    registry_0.5-1              numDeriv_2016.8-1.1         locfdr_1.1-8                plotly_4.9.1                xml2_1.2.2                 
[141] foreach_1.4.7               annotate_1.62.0             rngtools_1.4                webshot_0.5.2               pkgmaker_0.27               multtest_2.40.0             XVector_0.24.0             
[148] bibtex_0.4.2.2              stringr_1.4.0               digest_0.6.23               sctransform_0.2.1           RcppAnnoy_0.0.14            tsne_0.1-3                  copula_0.999-19.1          
[155] ADGofTest_0.3               softImpute_1.4              rmarkdown_2.0               cellranger_1.1.0            leiden_0.3.1                edgeR_3.26.8                uwot_0.1.5                 
[162] kernlab_0.9-29              shiny_1.4.0                 gtools_3.8.1                lifecycle_0.1.0             nlme_3.1-143                jsonlite_1.6                Rhdf5lib_1.6.3             
[169] clusterExperiment_2.4.4     viridisLite_0.3.0           limma_3.40.6                pillar_1.4.3                lattice_0.20-38             fastmap_1.0.1               httr_1.4.1                 
[176] plotrix_3.7-7               survival_3.1-8              glue_1.3.1                  png_0.1-7                   iterators_1.0.12            glmnet_3.0-2                bit_1.1-15.1               
[183] HDF5Array_1.12.3            stringi_1.4.5               blob_1.2.0                  memoise_1.1.0               caTools_1.17.1.4            irlba_2.3.3                 future.apply_1.4.0         
[190] ape_5.3 
```
Hi,

I'm using Seurat on a daily basis and came across an Error today that I haven't gotten before and don't know how to solve. When I'm trying to plot, e.g. using DimPlot() or VariableFeaturePlot(), I get the following error:
Error in .Call("decode_c", as_character(colour), alpha, as.integer(to),  : 
  Incorrect number of arguments (5), expecting 4 for 'decode_c
I've tried simple things like restarting R, re-installing Seurat etc but nothing seems to work. Have you seen this error before and know how to solve it? 

Thanks!
Ida
I ran across a bug in the package (Seurat 3.1.2 | RStudio desktop 1.1.456 running R 3.6.1): when I work with a subset of my data:
 `newdata<-subset(alldata, cells = 'chosen')`
and run an analysis on 'newdata' (FindVariableFeatures, ScaleData, RunPCA, RunUMAP): 
     `DimPlot (newdata) `
calls the new 'umap' coordinates, however 
`FeaturePlot(newdata, 'nFeature_RNA') `
**calls the umap plot coordinates from the full dataset (alldata) rather than the revised plot.** 
This is resolved if I give the RunUMAP command a different output name and specify this in the FeaturePlot command:
`RunUMAP(newdata, dims = c(1:10), reduction.name = 'umapNew')`
`FeaturePlot(newdata, 'nFeature_RNA', reduction = 'umapNew') `
Hi, when I ran FindTransferAnchors function to identify anchors between the scATAC-seq dataset and the scRNA-seq dataset, I met the same issue

Error in dimnamesGets(x, value) :
invalid dimnames given for “Graph” object

My command is
transfer.anchors <- FindTransferAnchors(reference = sample2_3.combined_subset, query = x.atac, features = variable.genes, reference.assay = "RNA", query.assay = "ACTIVITY", reduction = "cca")

Here sample2_3.combined_subset is a seurat object integrating two scRNA batches, and x.atac is a seurat object of scATAC-seq data.

Would you please show me how to fix it?

Thanks
Hi,

I am attempting to project the allen_reference onto a Seurat object created from multiple brain slices, including Harmony correction. Can you please advise on the following error? For context, the vignette data ("cortex") worked correctly with this reference.

Thanks,
Alex

> anchors <- FindTransferAnchors(reference = allen_reference, query = obj, normalization.method = "SCT")
Error: All cells in the object being added must match the cells in this object
In addition: Warning message:
In Cells(x = value) == Cells(x = x) :
  longer object length is not a multiple of shorter object length

> obj
An object of class Seurat
97973 features across 21157 samples within 2 assays
Active assay: SCT (33381 features)
 1 other assay present: Spatial
 3 dimensional reductions calculated: pca, harmony, umap

> allen_reference
An object of class Seurat
69225 features across 14249 samples within 2 assays
Active assay: SCT (34608 features)
 1 other assay present: RNA
 2 dimensional reductions calculated: pca, umap

> sessionInfo()
R version 3.6.1 Patched (2019-09-23 r77210)
Platform: x86_64-pc-linux-gnu (64-bit)
Running under: CentOS Linux 7 (Core)

Matrix products: default
BLAS/LAPACK: /SFS/product/R/3.6.1/centos76_x86_64/extlibs/lib/libopenblas_nehalemp-r0.3.6.so

locale:
 [1] LC_CTYPE=en_US.UTF-8          LC_NUMERIC=C
 [3] LC_TIME=en_US.UTF-8           LC_COLLATE=en_US.UTF-8
 [5] LC_MONETARY=en_US.UTF-8       LC_MESSAGES=en_US.UTF-8
 [7] LC_PAPER=en_US.UTF-8          LC_NAME=en_US.UTF-8
 [9] LC_ADDRESS=en_US.UTF-8        LC_TELEPHONE=en_US.UTF-8
[11] LC_MEASUREMENT=en_US.UTF-8    LC_IDENTIFICATION=en_US.UTF-8

attached base packages:
[1] stats     graphics  grDevices utils     datasets  methods   base

other attached packages:
[1] xlsx_0.6.1      reticulate_1.13 harmony_1.0     Rcpp_1.0.3
[5] dplyr_0.8.3     cowplot_1.0.0   ggplot2_3.2.1   Seurat_3.1.2

loaded via a namespace (and not attached):
  [1] TH.data_1.0-10        Rtsne_0.15            colorspace_1.4-1
  [4] deldir_0.1-23         ggridges_0.5.1        spatstat.data_1.4-0
  [7] leiden_0.3.1          listenv_0.8.0         npsurv_0.4-0
 [10] ggrepel_0.8.1         mvtnorm_1.0-11        codetools_0.2-16
 [13] splines_3.6.1         R.methodsS3_1.7.1     mnormt_1.5-5
 [16] lsei_1.2-0            TFisher_0.2.0         polyclip_1.10-0
 [19] zeallot_0.1.0         jsonlite_1.6          rJava_0.9-11
 [22] ica_1.0-2             cluster_2.1.0         png_0.1-7
 [25] R.oo_1.23.0           uwot_0.1.5            shiny_1.4.0
 [28] sctransform_0.2.1     compiler_3.6.1        httr_1.4.1
 [31] backports_1.1.5       assertthat_0.2.1      Matrix_1.2-17
 [34] fastmap_1.0.1         lazyeval_0.2.2        later_1.0.0
 [37] htmltools_0.4.0       tools_3.6.1           rsvd_1.0.2
 [40] igraph_1.2.4.2        gtable_0.3.0          glue_1.3.1
 [43] RANN_2.6.1            reshape2_1.4.3        spatstat_1.62-2
 [46] Biobase_2.44.0        vctrs_0.2.0           multtest_2.40.0
 [49] gdata_2.18.0          ape_5.3               nlme_3.1-141
 [52] crosstalk_1.0.0       gbRd_0.4-11           lmtest_0.9-37
 [55] stringr_1.4.0         xlsxjars_0.6.1        globals_0.12.5
 [58] mime_0.7              lifecycle_0.1.0       irlba_2.3.3
 [61] gtools_3.8.1          goftest_1.2-2         future_1.15.1
 [64] MASS_7.3-51.4         zoo_1.8-6             scales_1.1.0
 [67] promises_1.1.0        spatstat.utils_1.15-0 parallel_3.6.1
 [70] sandwich_2.5-1        RColorBrewer_1.1-2    pbapply_1.4-2
 [73] gridExtra_2.3         rpart_4.1-15          stringi_1.4.3
 [76] mutoss_0.1-12         plotrix_3.7-7         caTools_1.17.1.3
 [79] BiocGenerics_0.30.0   bibtex_0.4.2          Rdpack_0.11-1
 [82] SDMTools_1.1-221.2    rlang_0.4.2           pkgconfig_2.0.3
 [85] bitops_1.0-6          lattice_0.20-38       tensor_1.5
 [88] ROCR_1.0-7            purrr_0.3.3           htmlwidgets_1.5.1
 [91] tidyselect_0.2.5      RcppAnnoy_0.0.14      plyr_1.8.5
 [94] magrittr_1.5          R6_2.4.1              gplots_3.0.1.1
 [97] multcomp_1.4-11       withr_2.1.2           mgcv_1.8-29
[100] pillar_1.4.2          sn_1.5-4              fitdistrplus_1.0-14
[103] abind_1.4-5           survival_2.44-1.1     tsne_0.1-3
[106] tibble_2.1.3          future.apply_1.3.0    crayon_1.3.4
[109] KernSmooth_2.23-15    plotly_4.9.1          grid_3.6.1
[112] data.table_1.12.8     metap_1.2             digest_0.6.23
[115] xtable_1.8-4          tidyr_1.0.0           httpuv_1.5.2
[118] numDeriv_2016.8-1.1   R.utils_2.9.2         RcppParallel_4.4.4
[121] stats4_3.6.1          munsell_0.5.0         viridisLite_0.3.0
Hello,

I would like to run differential expression on the residuals from SCTransform following integration. Integration was run using only a subset of features, so I currently only have the residuals for a fraction of the total features in @scale.data. However, I would like to perform the LRT using all genes.

Since the object was split by sample prior to SCTransform() and integration, the current residuals were calculated based on each sample independently. Therefore, running GetResidual() on the integrated object generates different residuals for features that were originally calculated on the split object before SCT+integration.

Just wondering what is the most appropriate way of doing this? Should I run GetResidual() for all genes on the merged object and use these as input for differential expression, or should I split the object again, calculate residuals, and then merge?

Thanks,

Marcus
Hi all,
I have two different samples (ctrl and yn1).
I am trying to plot a Dotplot to show the changes in the expression levels of a given number of genes across the different clusters.  For some reason, the average expression bar disappeared when picked colors (red and green) to plot  the graph. 
**how do  I bring it back?** the only bar showing is  the Percent expressed, I do not know how to bring back the average expression bar.

I thank you all in advance

`DotPlot(Merged.big, split.by = "yn1", cols = c("red3", "green3"), dot.scale = 15, features = rev(c("gene1","gene2", ...))) + RotatedAxis() + theme(axis.text = element_text(size = 20, face = "bold"))`

![image](https://user-images.githubusercontent.com/58445209/71996979-cda9c480-3202-11ea-905c-d039597c44dc.png)

When I used ReadH5AD to read a .h5ad file generated from scanpy, there was an error:

**Pulling expression matrices and metadata
Data is unscaled
Error in file[["obs"]][]: object of type 'environment' is not subsettable
Traceback:**

and my code is adata = ReadH5AD(file ="../adata_raw.h5ad",verbose = TRUE)

**adata_raw.h5ad information:**
AnnData object with n_obs × n_vars = 52049 × 19760 
    obs: 'donor', 'disease', 'tissue', 'celltype', 'name', 'protocol', 'gse_id', 'n_genes'
    var: 'n_cells'

**When I used ReadH5AD to read a smaller adata.h5ad(15704 x 14895) file, it did not report an error.**
AnnData object with n_obs × n_vars = 15704 × 14895 
    obs: 'batch', 'celltype', 'disease', 'donor', 'library', 'name', 'protocol', 'gse_id', 'n_genes'
    var: 'n_cells'

Does anyone give me some advice? Thanks!