I tried to run a node application using rump and aws provider
```
$ unik build --path . --language nodejs --base rump --provider aws --name sample-app
```

But i keep getting this error and can't seem to figure out why i am getting this
```
time="2019-07-18T10:21:11Z" level=info msg="App packaged as tarball: /tmp/sources.tar.gz.341563195\n"
time="2019-07-18T10:21:27Z" level=error msg="build failed: [cmd/build.go:105] building image failed: {[client/images.go:63] failed with status 500: [daemon/daemon.go:581] failed to compile raw image: {[compilers/utils.go:27] copying dir /home/ubuntu/.unik/tmp/unpacked.sources.dir.867542216 to /home/ubuntu/.unik/tmp/bootable-image-directory.780699015: {invalid argument}}}"
```

Can someone please help with this
I tried to run Unik daemon following the tutorial [here](https://github.com/solo-io/unik/blob/master/docs/getting_started_cpp.md), but the command `unik daemon --debug` failed with exit status 1 and the following output. Can anybody help me figure out the problems? Thank you.

OS: Ubuntu 18.04
VirtualBox: 5.2.18


```
time="2019-05-22T11:26:50+08:00" level=debug msg="time=\"2019-05-22T03:26:50Z\" level=debug msg=\"created sparse file\" imgFile=\"/opt/vol/boot.image.aafd5b0f-acc4-4718-a628-c602bd71ee6f\" size=61MiB " 
time="2019-05-22T11:26:50+08:00" level=debug msg="time=\"2019-05-22T03:26:50Z\" level=debug msg=\"attaching sparse file\" imgFile=\"/opt/vol/boot.image.aafd5b0f-acc4-4718-a628-c602bd71ee6f\" " 
time="2019-05-22T11:26:50+08:00" level=debug msg="time=\"2019-05-22T03:26:50Z\" level=debug msg=\"running losetup -f\" cmd=losetup device=\"/opt/vol/boot.image.aafd5b0f-acc4-4718-a628-c602bd71ee6f\" " 
time="2019-05-22T11:26:50+08:00" level=debug msg="time=\"2019-05-22T03:26:50Z\" level=debug msg=\"device mapping to 'hda'\" " 
time="2019-05-22T11:26:50+08:00" level=debug msg="time=\"2019-05-22T03:26:50Z\" level=debug msg=partitioning " 
time="2019-05-22T11:26:50+08:00" level=debug msg="time=\"2019-05-22T03:26:50Z\" level=debug msg=\"running parted\" args=[mklabel msdos] device=\"/dev/loop27\" " 
time="2019-05-22T11:26:50+08:00" level=debug msg="time=\"2019-05-22T03:26:50Z\" level=debug msg=\"running parted\" args=[mkpart primary 2MiB 100%!](MISSING) device=\"/dev/loop27\" " 
time="2019-05-22T11:26:50+08:00" level=debug msg="time=\"2019-05-22T03:26:50Z\" level=debug msg=\"running parted\" args=[set 1 boot on] device=\"/dev/loop27\" " 
time="2019-05-22T11:26:50+08:00" level=debug msg="time=\"2019-05-22T03:26:50Z\" level=debug msg=\"running parted\" args=[unit B print] device=\"/dev/loop27\" " 
time="2019-05-22T11:26:50+08:00" level=debug msg="time=\"2019-05-22T03:26:50Z\" level=debug msg=\"running losetup -f\" cmd=losetup device=\"/dev/loop27\" " 
time="2019-05-22T11:26:50+08:00" level=debug msg="time=\"2019-05-22T03:26:50Z\" level=debug msg=\"losetup -f failed\" cmd=losetup device=\"/dev/loop27\" out=\"losetup: could not find any free loop device\\n\" " 
time="2019-05-22T11:26:50+08:00" level=debug msg="time=\"2019-05-22T03:26:50Z\" level=debug msg=\"running losetup\" args=[-d /dev/loop27] cmd=losetup " 
time="2019-05-22T11:26:51+08:00" level=debug msg="time=\"2019-05-22T03:26:51Z\" level=fatal msg=\"exit status 255\" " 
time="2019-05-22T11:26:51+08:00" level=error msg="running daemon failed: [cmd/daemon.go:86] daemon failed to initialize: {[daemon/daemon.go:112] initializing virtualbox provider: {[virtualbox/virtualbox_provider.go:49] deploying virtualbox instance listener: {[virtualbox/deploy_instance_listener.go:39] compiling instance listener source to unikernel: {[rump/rump-go.go:55] creating boot volume from kernel binary: {exit status 1}}}}}" 
```

The content of the daemon-config.yaml file is: 

```
providers:
  virtualbox:
    - name: my-vbox
      adapter_type: host_only
      adapter_name: vboxnet0
```


Hi,
I discovered that there is currently no Jenkins plugin for Unikernels (at least I couldn't find one) and I'm thinking of building one, using Unik.

I was thinking of building it equivalent to some, already existing, docker plugins (e.g. [docker-build-step-plugin](https://wiki.jenkins.io/display/JENKINS/Docker+build+step+plugin) ). 
It probably makes sense to use the Unik REST API directly, but I couldn't find a documentation for it, just this open issue #59. 

Are you planing on adding this documentation?
Also what do you think in general about this idea?  


Unik is pretty encompassing but it has no [ops/ nanos](https://ops.city/). Many Unikernels and MicroVM technologies are maturing the above is no exception. I happen to like it and find it easy to use. Is there a chance Unik will integrate it?
Hi Guys, 

I 'm trying to use unik to create vms for firecracker and run them.  I can build the image following the steps on github but when i 'm running the image I 'm getting errors. 

Build: 

ubuntu@ip-172-35-102-151:~/unik$ unik build --name writeOS_miVM --path ./demo/ --base firecracker --language go --provider firecracker --force
INFO[0000] running unik build                            args= base=firecracker force=true host="localhost:3000" language=go mountPoints="[]" name=writeOS_miVM path=./demo/ provider=firecracker
INFO[0000] App packaged as tarball: /tmp/sources.tar.gz.708149797
NAME                 ID                   INFRASTRUCTURE  CREATED                        SIZE(MB) MOUNTPOINTS
writeOS_miVM         writeOS_miVM         FIRECRACKER     2019-03-05 07:08:02.081358097  50


Run:
ubuntu@ip-172-35-102-151:~/unik$ unik run --instanceName writeOS_vm1 --imageName writeOS_miVM
INFO[0000] running unik run                              env="map[]" host="localhost:3000" imageName=writeOS_miVM instanceName=writeOS_vm1 mounts="map[]"
ERRO[0003] failed running instance: [cmd/run.go:98] running image failed: %v: {[client/instances.go:103] failed with status 500: Firecracker did not create API socket /home/ubuntu/.unik/firecracker/instances/writeOS_vm1/firecracker.sock: context deadline exceeded}




Debug logs from Unik. 

```
time="2019-03-05T07:13:20Z" level=debug msg="Started POST /instances/run for 127.0.0.1:46952"
time="2019-03-05T07:13:20Z" level=debug msg="Received run request" request={writeOS_vm1 writeOS_miVM map[] map[] 0 false false}
time="2019-03-05T07:13:20Z" level=info msg="running instance writeOS_vm1" env=map[] image-id="writeOS_miVM" mounts=map[]
time="2019-03-05T07:13:20Z" level=debug msg="creating firecracker vm"
INFO[0945] Called startVMM(), setting up a VMM on /home/ubuntu/.unik/firecracker/instances/writeOS_vm1/firecracker.sock
time="2019-03-05T07:13:23Z" level=error msg="Firecracker Init returned error Firecracker did not create API socket /home/ubuntu/.unik/firecracker/instances/writeOS_vm1/firecracker.sock: context deadline exceeded"
time="2019-03-05T07:13:23Z" level=error msg="error handling request" error="Firecracker did not create API socket /home/ubuntu/.unik/firecracker/instances/writeOS_vm1/firecracker.sock: context deadline exceeded"
time="2019-03-05T07:13:23Z" level=debug msg="Completed 500 Internal Server Error in 3.001619102s\n"
```


I 'm using target as local and this is my config file.

providers:
  firecracker:
    - name: firecracker
      binary: /home/ubuntu/firecracker
      kernel: /home/ubuntu/hello-vmlinux.bin
      console: xterm

Also I can see the vm has been created.

ubuntu@ip-172-35-102-151:~/.unik$ ll firecracker/images/writeOS_miVM/boot.img


Please help. 
Hi there,
I was trying this [tutorial](https://github.com/solo-io/unik/blob/master/docs/compilers/firecracker.md) but could not get it to work at all on my up to date Manjaro box.

Got a deamon debug response:
```
_build/unik daemon --debug --f /home/administrator/.unik/daemon-config.yaml
time="2019-03-02T20:08:16+01:00" level=info msg="daemon started" config={{[] [] [] [] [] [] [] [] [] [{firecracker /usr/local/bin/firecracker /home/administrator/Firecracker/first/hello-vmlinux.bin xterm}]} } 
time="2019-03-02T20:08:16+01:00" level=info msg="using container versions" versions=map[compilers-rump-c-hw:1954dce79e407724 qemu-util:6f5922561bbb86e3 compilers-osv-dynamic:59ba07ca2f12ecaa compilers-rump-go-hw:d1bfbc13602e306d compilers-rump-base-xen:f841298dae4340f7 compilers-rump-python3-hw:22bc5378af6e099d compilers-rump-base-common:2eb72d1b386ce2a4 compilers-firecracker:3775f58af6a7741d compilers-rump-go-xen:fe3335e71ed20510 compilers-includeos-cpp-common:8de1311f7b1365d9 compilers-rump-nodejs-hw:b5029ddcc8731a25 compilers-rump-java-hw:e8c77dc577b288d9 compilers-rump-java-xen:43365940a0dd610c compilers-rump-nodejs-hw-no-stub:baebfe68f3283190 compilers-rump-c-xen:65c2c7316ad6fc77 image-creator:fa560ac11cecae33 compilers-includeos-cpp-hw:694e22e023dbbbc8 compilers-osv-java:14f2183e5cb49482 boot-creator:d0665c8793b16c51 compilers-rump-nodejs-xen:2fbc447253ba19b8 compilers-mirage-ocaml-xen:0cd46f5253c6ca8a compilers-rump-python3-xen:1496a60a071e79e1 compilers-mirage-ocaml-ukvm:2c35c23771682e9a vsphere-client:a9538c7c242acbef rump-debugger-qemu:0a841d0bf71287e6 compilers-rump-python3-hw-no-stub:81a494acc94d7827 compilers-rump-base-hw:8cd85d4a7ee1009b] 
time="2019-03-02T20:08:16+01:00" level=info msg="Bootstrapping provider firecracker with config {firecracker /usr/local/bin/firecracker /home/administrator/Firecracker/first/hello-vmlinux.bin xterm}" 
time="2019-03-02T20:08:16+01:00" level=warning msg="failed to read firecracker state file at /home/administrator/.unik/firecracker/state.json, creating blank state" error="[state/base_state.go:36] error reading save file /home/administrator/.unik/firecracker/state.json: {open /home/administrator/.unik/firecracker/state.json: no such file or directory}" 
[martini] listening on :3000 (development)
time="2019-03-02T20:08:23+01:00" level=debug msg="Started POST /images/writeOS_miVM/create for 127.0.0.1:42532" 
time="2019-03-02T20:08:23+01:00" level=debug msg="parsing multipart form" req=&{POST /images/writeOS_miVM/create?base=firecracker&lang=go&provider=firecracker&args=&mounts=&force=true&no_cleanup=false HTTP/1.1 1 1 map[Accept-Encoding:[gzip] User-Agent:[Go-http-client/1.1] Content-Length:[10504] Content-Type:[multipart/form-data; boundary=44a441126cf61f589d9545b8980f9d1afa4422f43797f4108a6689b78277]] 0xc000266100 <nil> 10504 [] false localhost:3000 map[no_cleanup:[false] base:[firecracker] lang:[go] provider:[firecracker] args:[] mounts:[] force:[true]] map[] 0xc000440280 map[] 127.0.0.1:42532 /images/writeOS_miVM/create?base=firecracker&lang=go&provider=firecracker&args=&mounts=&force=true&no_cleanup=false <nil> <nil> <nil> 0xc000266140} 
time="2019-03-02T20:08:23+01:00" level=debug msg="parsing form file marked 'tarfile'" form=map[mounts:[] force:[true] no_cleanup:[false] base:[firecracker] lang:[go] provider:[firecracker] args:[]] 
time="2019-03-02T20:08:23+01:00" level=debug msg="extracting uploaded files to /home/administrator/.unik/tmp/unpacked.sources.dir.366266296" 
time="2019-03-02T20:08:23+01:00" level=debug msg="Extracting file" file="./" 
time="2019-03-02T20:08:23+01:00" level=debug msg="Extracting file" file="./main.go" 
time="2019-03-02T20:08:23+01:00" level=debug msg="compiling raw image" args= compiler=firecracker-go-firecracker force=true mount-points=[] name="writeOS_miVM" noCleanup=false provider=firecracker 
time="2019-03-02T20:08:23+01:00" level=info msg="Build cmd for container projectunik/compilers-firecracker:3775f58af6a7741d" args=[run --rm --privileged -v /home/administrator/.unik/tmp/unpacked.sources.dir.366266296:/opt/code --name=17b398b7-093a-4e6f-8763-5368cb93920c projectunik/compilers-firecracker:3775f58af6a7741d] 
time="2019-03-02T20:08:23+01:00" level=debug msg="running command" command=[docker run --rm --privileged -v /home/administrator/.unik/tmp/unpacked.sources.dir.366266296:/opt/code --name=17b398b7-093a-4e6f-8763-5368cb93920c projectunik/compilers-firecracker:3775f58af6a7741d] 
time="2019-03-02T20:08:27+01:00" level=debug msg="+ dd if=/dev/zero of=/tmp/rootfs bs=1M count=50" 
time="2019-03-02T20:08:29+01:00" level=debug msg="50+0 records in" 
time="2019-03-02T20:08:29+01:00" level=debug msg="50+0 records out" 
time="2019-03-02T20:08:29+01:00" level=debug msg="52428800 bytes (52 MB, 50 MiB) copied, 1.33986 s, 39.1 MB/s" 
time="2019-03-02T20:08:29+01:00" level=debug msg="+ mkfs.ext4 /tmp/rootfs" 
time="2019-03-02T20:08:29+01:00" level=debug msg="mke2fs 1.43.4 (31-Jan-2017)" 
time="2019-03-02T20:08:29+01:00" level=debug msg="Creating filesystem with 51200 1k blocks and 12824 inodes" 
time="2019-03-02T20:08:29+01:00" level=debug msg="Filesystem UUID: 0ff119d5-3353-4fdd-bc54-2ee94c070d18" 
time="2019-03-02T20:08:29+01:00" level=debug msg="Superblock backups stored on blocks: " 
time="2019-03-02T20:08:29+01:00" level=debug msg="\t8193, 24577, 40961" 
time="2019-03-02T20:08:29+01:00" level=debug 
time="2019-03-02T20:08:29+01:00" level=debug msg="Allocating group tables: 0/7\b\b\b   \b\b\bdone                            " 
time="2019-03-02T20:08:29+01:00" level=debug msg="Writing inode tables: 0/7\b\b\b   \b\b\bdone                            " 
time="2019-03-02T20:08:29+01:00" level=debug msg="Creating journal (4096 blocks): done" 
time="2019-03-02T20:08:29+01:00" level=debug msg="Writing superblocks and filesystem accounting information: 0/7\b\b\b   \b\b\bdone" 
time="2019-03-02T20:08:29+01:00" level=debug 
time="2019-03-02T20:08:29+01:00" level=debug msg="+ mkdir /tmp/tmp" 
time="2019-03-02T20:08:29+01:00" level=debug msg="+ mount /tmp/rootfs /tmp/tmp -o loop" 
time="2019-03-02T20:08:30+01:00" level=debug msg="mount: /tmp/rootfs: failed to setup loop device: No such file or directory" 
time="2019-03-02T20:08:30+01:00" level=error msg="error handling request" error="[daemon/daemon.go:581] failed to compile raw image: {exit status 32}" 
time="2019-03-02T20:08:30+01:00" level=debug msg="Completed 500 Internal Server Error in 7.275365344s\n"
```
when launching:
```
./unik build --name writeOS_miVM --path ./demo/ --base firecracker --language go --provider firecracker --force
```
I expected an instance ready to start..
# problem space

Im interested in helping people self host at home, a bit like yunohost.
I also love kubernetes API.

I'm looking at ways to decrease the memory footprint on running kubernetes API on such small arm devices at home.

For example https://github.com/ibuildthecloud/k3s/issues/26

Do you think it is silly? Do you have some guidance for me to get started?

Thanks for your help ;)
No matter what command I run I get the following error:

$ unik images

```html
INFO[0000] listing images                                host=
ERRO[0000] failed listing images: [cmd/images.go:30] listing images failed: {[client/images.go:24] failed with status 403: <!DOCTYPE HTML PUBLIC "-//W3C//DTD HTML 4.01 Transitional//EN" "http://www.w3.org/TR/html4/loose.dtd">
<HTML><HEAD><META HTTP-EQUIV="Content-Type" CONTENT="text/html; charset=iso-8859-1">
<TITLE>ERROR: The request could not be satisfied</TITLE>
</HEAD><BODY>
<H1>403 ERROR</H1>
<H2>The request could not be satisfied.</H2>
<HR noshade size="1px">
Bad request.

<BR clear="all">
<HR noshade size="1px">
<PRE>
Generated by cloudfront (CloudFront)
Request ID: WPNUMnRqrs8ACUSwDzCDvxyUWfutrNi33uADqm4v1iex4PiAz-yIsw==
</PRE>
<ADDRESS>
</ADDRESS>
</BODY></HTML>}
```
When trying to run firecracker this error occurs:

```
goc@gudmund:~/unik$ ./unik run --instanceName filter_instance --imageName filter
INFO[0000] running unik run                              env="map[]" host="localhost:3000" imageName=filter instanceName=filter_instance mounts="map[]"
ERRO[0000] failed running instance: [cmd/run.go:98] running image failed: %v: {[client/instances.go:103] failed with status 500: Put http://localhost/machine-config: dial unix /home/goc/.unik/firecracker/instances/filter_instance/firecracker.sock: connect: no such file or directory} 

```
After failing to run, it can't be retried because it doesn't clean up the files:

```
goc@gudmund:~/unik$ ./unik run --instanceName filter_instance --imageName filter
INFO[0000] running unik run                              env="map[]" host="localhost:3000" imageName=filter instanceName=filter_instance mounts="map[]"
ERRO[0000] failed running instance: [cmd/run.go:98] running image failed: %v: {[client/instances.go:103] failed with status 500: [firecracker/run_instance.go:52] can't create instance dir: {mkdir /home/goc/.unik/firecracker/instances/filter_instance: file exists}} 
```

Output of the daemon (with some prints added):

`INFO[0001] Called startVMM(), setting up a VMM on /home/goc/.unik/firecracker/instances/lambda_go1/firecracker.sock 
INFO[0001] Terminal Program: xterm                      
INFO[0001] Bin path: /home/goc/firecracker              
INFO[0001] firecracker exited: status=0                 
INFO[0001] returning from startVMM()                    
time="2018-12-11T21:22:50+01:00" level=debug msg="Creating FIFO /home/goc/.unik/firecracker/instances/lambda_go1/logs.fifo" 
time="2018-12-11T21:22:50+01:00" level=debug msg="Creating FIFO /home/goc/.unik/firecracker/instances/lambda_go1/metrics.fifo" 
WARN[0001] setupLogging() returned Put http://localhost/logger: dial unix /home/goc/.unik/firecracker/instances/lambda_go1/firecracker.sock: connect: no such file or directory. Continuing anyway. 
ERRO[0001] PutMachineConfiguration returned [PUT /machine-config][204] putMachineConfigurationNoContent  
time="2018-12-11T21:22:50+01:00" level=debug msg="stopVMM(): sending sigterm to firecracker" 
time="2018-12-11T21:22:50+01:00" level=error msg="Firecracker Init returned error Put http://localhost/machine-config: dial unix /home/goc/.unik/firecracker/instances/lambda_go1/firecracker.sock: connect: no such file or directory" 
time="2018-12-11T21:22:50+01:00" level=error msg="error handling request" error="Put http://localhost/machine-config: dial unix /home/goc/.unik/firecracker/instances/lambda_go1/firecracker.sock: connect: no such file or directory" 
time="2018-12-11T21:22:50+01:00" level=debug msg="Completed 500 Internal Server Error in 69.066402ms\n" 
`

My guess is that the problem is INFO[0001] firecracker exited: status=0 
This exit handler function waits and the process it's waiting for (cmd.Start()) is finished too soon (removes the socket file)

Doesn't seem like there's much activity. Last active commit was in July 10