on windows will through "node_modules/coffee-script/bin/cake" command not found error.

use a shell instead.

log:

C:\Documents and Settings\caixinbao>npm install viff -g
npm WARN deprecated deflate-crc32-stream@0.1.2: module has been merged into crc3
2-stream
\

> weak@0.3.3 install C:\Documents and Settings\caixinbao\Application Data\npm\no
> de_modules\viff\node_modules\phantom\node_modules\dnode\node_modules\weak
> node-gyp rebuild
## 

C:\Documents and Settings\caixinbao\Application Data\npm\node_modules\viff\node_
modules\phantom\node_modules\dnode\node_modules\weak>node "C:\Program Files\node
js\node_modules\npm\bin\node-gyp-bin\....\node_modules\node-gyp\bin\node-gyp.j
s" rebuild
C:\Documents and Settings\caixinbao.node-gyp\0.10.32\deps\v8\include\v8.h(179)
: warning C4506: 内联函数“v8::Persistent<T> v8::Persistent<T>::New(v8::Handle<T

> )”没
> 有定义 [C:\Documents and Settings\caixinbao\Application Data\npm\node_modules\vi
> ff
> \node_modules\phantom\node_modules\dnode\node_modules\weak\build\binding.sln]
> C:\Documents and Settings\caixinbao\Application Data\npm\viffserver -> C:\Docume
> nts and Settings\caixinbao\Application Data\npm\node_modules\viff\bin\viffserver

C:\Documents and Settings\caixinbao\Application Data\npm\viff -> C:\Documents an
d Settings\caixinbao\Application Data\npm\node_modules\viff\bin\viff
C:\Documents and Settings\caixinbao\Application Data\npm\viffstream -> C:\Docume
nts and Settings\caixinbao\Application Data\npm\node_modules\viff\bin\viffstream

> viff@0.10.3 install C:\Documents and Settings\caixinbao\Application Data\npm\n
> ode_modules\viff
> npm run build
> 
> viff@0.10.3 build C:\Documents and Settings\caixinbao\Application Data\npm\nod
> e_modules\viff
> node_modules/coffee-script/bin/cake build

'node_modules' 不是内部或外部命令，也不是可运行的程序
或批处理文件。

npm ERR! viff@0.10.3 build: `node_modules/coffee-script/bin/cake build`
npm ERR! Exit status 1
npm ERR!
npm ERR! Failed at the viff@0.10.3 build script.
npm ERR! This is most likely a problem with the viff package,
npm ERR! not with npm itself.
npm ERR! Tell the author that this fails on your system:
npm ERR!     node_modules/coffee-script/bin/cake build
npm ERR! You can get their info via:
npm ERR!     npm owner ls viff
npm ERR! There is likely additional logging output above.
npm ERR! System Windows_NT 5.1.2600
npm ERR! command "C:\Program Files\nodejs\\node.exe" "C:\Program Files\nod
ejs\node_modules\npm\bin\npm-cli.js" "run" "build"
npm ERR! cwd C:\Documents and Settings\caixinbao\Application Data\npm\node_modul
es\viff
npm ERR! node -v v0.10.32
npm ERR! npm -v 1.4.28
npm ERR! code ELIFECYCLE
npm ERR!
npm ERR! Additional logging details can be found in:
npm ERR!     C:\Documents and Settings\caixinbao\Application Data\npm\node_modul
es\viff\npm-debug.log
npm ERR! not ok code 0

npm ERR! viff@0.10.3 install: `npm run build`
npm ERR! Exit status 1
npm ERR!
npm ERR! Failed at the viff@0.10.3 install script.
npm ERR! This is most likely a problem with the viff package,
npm ERR! not with npm itself.
npm ERR! Tell the author that this fails on your system:
npm ERR!     npm run build
npm ERR! You can get their info via:
npm ERR!     npm owner ls viff
npm ERR! There is likely additional logging output above.
npm ERR! System Windows_NT 5.1.2600
npm ERR! command "C:\Program Files\nodejs\\node.exe" "C:\Program Files\nod
ejs\node_modules\npm\bin\npm-cli.js" "install" "viff" "-g"
npm ERR! cwd C:\Documents and Settings\caixinbao
npm ERR! node -v v0.10.32
npm ERR! npm -v 1.4.28
npm ERR! code ELIFECYCLE
npm ERR! not ok code 0

js如下：
'use strict'
var config = module.exports = {
  seleniumHost: 'http://localhost:4444/wd/hub',
  browsers: ['chrome'],
  envHosts: {
    build: 'http://localhost:80/example/build',
    prod: 'http://localhost:80/example/prod'
  },
  paths: [],
  reportFormat: 'file',
  test: function test (description, caseConfig) {
    var c = {};
    c[description] = caseConfig;
    this.paths.push(c);
  }
};
config.test('Home Page', ['/github.html', function (browser) {
  return browser.waitForElementByCssSelector('.repo-list-item', browser.isDisplayed());
}]);
config.test('Search Result', ['/github.html', function (browser) {
  return browser
    .waitForElementByCssSelector('.repo-list-item', browser.isDisplayed())
    .elementByCssSelector('[type="search"]').type('commander.js')
    .sleep(1000);
}]);
config.test('Open Readme file', ['/github.html', function (browser) {
  return browser
    .waitForElementByCssSelector('.repo-list-item', browser.isDisplayed())
    .elementByCssSelector('.repo-list-item:nth-child(2)').click()
    .waitForElementByCssSelector('.repo-readme', browser.isDisplayed());
}])

报错信息如下：

D:\test>viff build_prod.config.js
Viff is taking screenshots...

phantom stderr: 'phantomjs.cmd' �����ڲ����ⲿ���Ҳ���ǿ����еĳ���
���������ļ���

assert.js:92
  throw new assert.AssertionError({
        ^
AssertionError: abnormal phantomjs exit code: 1
    at Console.assert (console.js:102:23)
    at ChildProcess.<anonymous> (C:\Users\kangjy\AppData\Roaming\npm\node_modules\viff\node_modules\phantom\phantom.js:136:28)
    at ChildProcess.EventEmitter.emit (events.js:98:17)
    at Process.ChildProcess._handle.onexit (child_process.js:797:12)

as title,and there is the stacktrace.

npm WARN optional dep failed, continuing weak@0.3.3
npm WARN optional dep failed, continuing weak@0.3.3
npm WARN deprecated deflate-crc32-stream@0.1.2: module has been merged into crc3
2-stream
C:\Users\abc\AppData\Roaming\npm\viffstream -> C:\Users\abc\AppData\Ro
aming\npm\node_modules\viff\bin\viffstream
C:\Users\abc\AppData\Roaming\npm\viffserver -> C:\Users\abc\AppData\Ro
aming\npm\node_modules\viff\bin\viffserver
C:\Users\abc\AppData\Roaming\npm\viff -> C:\Users\abc\AppData\Roaming\
npm\node_modules\viff\bin\viff

> viff@0.10.3 install C:\Users\abc\AppData\Roaming\npm\node_modules\viff
> npm run build

npm ERR! viff@0.10.3 install: `npm run build`
npm ERR! spawn ENOENT
npm ERR!
npm ERR! Failed at the viff@0.10.3 install script.
npm ERR! This is most likely a problem with the viff package,
npm ERR! not with npm itself.
npm ERR! Tell the author that this fails on your system:
npm ERR!     npm run build
npm ERR! You can get their info via:
npm ERR!     npm owner ls viff
npm ERR! There is likely additional logging output above.
npm ERR! System Windows_NT 6.1.7601
npm ERR! command "C:\Program Files\nodejs\\node.exe" "C:\Program Files\nod
ejs\node_modules\npm\bin\npm-cli.js" "install" "-g" "viff"
npm ERR! cwd C:\windows\system32
npm ERR! node -v v0.10.32
npm ERR! npm -v 1.4.28
npm ERR! syscall spawn
npm ERR! code ELIFECYCLE
npm ERR! errno ENOENT
npm ERR! not ok code 0

对比图片的时候可以排出页面上我不需要的部分。

作为一个测试者，
我希望有简单的一键安装或者离线安装包
这样的话我可以快速和稳定的安装到我的机器上使用

So it's kinda hard to use this programmatically if you need to rely on CoffeeScript to be in your global path or a pre-existing peer dependency in local node_modules.

Happy to issue you a pull if you'd like, but this is a pretty simple fix:

```
npm install --save coffee-script
```

A version bump, commit and `npm publish` and...Voila, people won't get stupid [install errors from npm](https://gist.github.com/wookiehangover/ff8df6f2fad2dc001fcf#file-gistfile1-txt-L363)

Cheers! :ghost:

Add a global setting 'misMatchPercentage' to define a KO test beyond this percentage (default is 0%).

A comparison of images may sometimes be slightly different (an offset of 1 pixel). In our case we want to identify a significant difference between two images and therefore put a test KO when the percentage difference is beyond a given threshold.

I use the example：
'use strict'
// build_prod.config.js
module.exports = {
  seleniumHost: 'http://localhost:4444/wd/hub',
  browsers: ['firefox'/_, 'chrome', 'safari', 'opera'_/],
  envHosts: {
    build: 'http://localhost:4000',
    prod: 'http://www.ishouldbeageek.me'
  },
  paths: [
    '/404.html',
    '/',
    '/page2',
    '/page3',
    '/page4',
    '/page5',
    '/strict-mode',
    ['/', function clickLink(browser) {
      // need to return a promise
      return browser.elementByPartialLinkText('viff').click();
    }],
    ['/', '#main-content'/*, function (browser) { } */],
    { 'this is a testcase description' : ['/', '#main-content', function(browser) {
      return browser.maximize();
    }]}
  ],
  reportFormat: 'file'
};

Execute a command ：viff build_prod.config.js   generate contrast images。but  ViffReport unable to generate report。VIFF does not generate the JSON file？
I need a grammar for viff。i need【How To Write config.js File】 thankyou。
另外，我英语很差劲。我就在用中文说一遍。我下载了viffreport 想用它生成好看的报告。但是viff生成的结果中没有json文件，我猜测是因为没有这个文件导致打开index。html的时候只能显示为一个框架，而里面的图片没有显示。但是我不知道如何写js来生成对比图片和json，根据首页上的例子，无法实现生成报告的功能。尤其是最后一句【  reportFormat: 'file'】 是不是和这个有关系呀？

谢谢大家帮忙
